<html>
<body>
<pre>
<h1>µVision Build Log</h1>
<h2>Tool Versions:</h2>
IDE-Version: µVision V5.28.0.0
Copyright (C) 2019 ARM Ltd and ARM Germany GmbH. All rights reserved.
License Information: Qin Xuezhi, JLU, LIC=JL2UH-WPHC0-XU741-CKWLB-QX6RN-KQUA6
 
Tool Versions:
Toolchain:       MDK-ARM Plus  Version: 5.28.0.0
Toolchain Path:  C:\Keil_v5\ARM\ARMCC\Bin
C Compiler:      Armcc.exe V5.06 update 6 (build 750)
Assembler:       Armasm.exe V5.06 update 6 (build 750)
Linker/Locator:  ArmLink.exe V5.06 update 6 (build 750)
Library Manager: ArmAr.exe V5.06 update 6 (build 750)
Hex Converter:   FromElf.exe V5.06 update 6 (build 750)
CPU DLL:         SARMCM3.DLL V5.28.0.0
Dialog DLL:      DCM.DLL V1.17.3.0
Target DLL:      CMSIS_AGDI.dll V1.31.18.0
Dialog DLL:      TCM.DLL V1.36.2.0
 
<h2>Project:</h2>
D:\ÎÄµµ1\20200113\20200113\USER\2020DYN.uvprojx
Project File Date:  01/13/2020

<h2>Output:</h2>
*** Using Compiler 'V5.06 update 6 (build 750)', folder: 'C:\Keil_v5\ARM\ARMCC\Bin'
Rebuild target 'Target 1'
compiling main.c...
compiling stm32f10x_it.c...
compiling 12864.c...
compiling system_stm32f10x.c...
compiling led.c...
compiling mxl90614.c...
..\mxl90614.c(413): warning:  #68-D: integer conversion resulted in a change of sign
  {T=(-1)*(T-27315);
..\mxl90614.c: 1 warning, 0 errors
compiling exti.c...
compiling pcb_config.c...
compiling 24cxx.c...
compiling key.c...
compiling ctiic.c...
compiling lcd.c...
compiling myiic.c...
compiling touch.c...
compiling timer.c...
compiling ott2001a.c...
compiling gt9147.c...
compiling ft5206.c...
compiling usart.c...
compiling delay.c...
assembling startup_stm32f10x_hd.s...
compiling stm32f10x_rcc.c...
compiling stm32f10x_usart.c...
compiling stm32f10x_gpio.c...
compiling sys.c...
compiling stm32f10x_tim.c...
compiling stm32f10x_exti.c...
compiling misc.c...
compiling core_cm3.c...
linking...
Program Size: Code=25832 RO-data=376 RW-data=68 ZI-data=1852  
FromELF: creating hex file...
"..\OBJ\TOUCH.axf" - 0 Error(s), 1 Warning(s).

<h2>Software Packages used:</h2>

Package Vendor: Keil
                http://www.keil.com/pack/Keil.STM32F1xx_DFP.2.3.0.pack
                Keil.STM32F1xx_DFP.2.3.0
                STMicroelectronics STM32F1 Series Device Support, Drivers and Examples

<h2>Collection of Component include folders:</h2>
  .\RTE\_Target_1
  C:\Keil_v5\ARM\PACK\Keil\STM32F1xx_DFP\2.3.0\Device\Include

<h2>Collection of Component Files used:</h2>
Build Time Elapsed:  00:00:05
</pre>
</body>
</html>
