Component: ARM Compiler 5.06 update 6 (build 750) Tool: armlink [4d35ed]

==============================================================================

Section Cross References

    main.o(i.main) refers to delay.o(i.delay_init) for delay_init
    main.o(i.main) refers to misc.o(i.NVIC_PriorityGroupConfig) for NVIC_PriorityGroupConfig
    main.o(i.main) refers to usart.o(i.uart_init) for uart_init
    main.o(i.main) refers to led.o(i.LED_Init) for LED_Init
    main.o(i.main) refers to lcd.o(i.LCD_Init) for LCD_Init
    main.o(i.main) refers to key.o(i.KEY_Init) for KEY_Init
    main.o(i.main) refers to exti.o(i.EXTIX_Init) for EXTIX_Init
    main.o(i.main) refers to timer.o(i.TIM3_Int_Init) for TIM3_Int_Init
    main.o(i.main) refers to pcb_config.o(i.pcb_Init) for pcb_Init
    main.o(i.main) refers to mxl90614.o(i.SMBus_Init) for SMBus_Init
    main.o(i.main) refers to stm32f10x_rcc.o(i.RCC_APB2PeriphClockCmd) for RCC_APB2PeriphClockCmd
    main.o(i.main) refers to stm32f10x_gpio.o(i.GPIO_EXTILineConfig) for GPIO_EXTILineConfig
    main.o(i.main) refers to mxl90614.o(i.SMBus_ReadMemory) for SMBus_ReadMemory
    main.o(i.main) refers to mxl90614.o(i.display) for display
    main.o(i.main) refers to mxl90614.o(i.slave_num) for slave_num
    main.o(i.main) refers to 12864.o(i.write_figer) for write_figer
    main.o(i.main) refers to main.o(.data) for PWM
    system_stm32f10x.o(i.SetSysClock) refers to system_stm32f10x.o(i.SetSysClockTo72) for SetSysClockTo72
    system_stm32f10x.o(i.SystemCoreClockUpdate) refers to system_stm32f10x.o(.data) for SystemCoreClock
    system_stm32f10x.o(i.SystemInit) refers to system_stm32f10x.o(i.SetSysClock) for SetSysClock
    mxl90614.o(i.SMBus_Init) refers to stm32f10x_rcc.o(i.RCC_APB2PeriphClockCmd) for RCC_APB2PeriphClockCmd
    mxl90614.o(i.SMBus_Init) refers to stm32f10x_gpio.o(i.GPIO_Init) for GPIO_Init
    mxl90614.o(i.SMBus_ReadMemory) refers to mxl90614.o(i.SMBus_StopBit) for SMBus_StopBit
    mxl90614.o(i.SMBus_ReadMemory) refers to mxl90614.o(i.SMBus_StartBit) for SMBus_StartBit
    mxl90614.o(i.SMBus_ReadMemory) refers to mxl90614.o(i.SMBus_SendByte) for SMBus_SendByte
    mxl90614.o(i.SMBus_ReadMemory) refers to mxl90614.o(i.SMBus_ReceiveByte) for SMBus_ReceiveByte
    mxl90614.o(i.SMBus_ReadMemory) refers to mxl90614.o(i.PEC_Calculation) for PEC_Calculation
    mxl90614.o(i.SMBus_ReadTemp) refers to mxl90614.o(i.SMBus_ReadMemory) for SMBus_ReadMemory
    mxl90614.o(i.SMBus_ReadTemp) refers to dflt_clz.o(x$fpl$dfltu) for __aeabi_ui2d
    mxl90614.o(i.SMBus_ReadTemp) refers to dmul.o(x$fpl$dmul) for __aeabi_dmul
    mxl90614.o(i.SMBus_ReadTemp) refers to daddsub_clz.o(x$fpl$dsub) for __aeabi_dsub
    mxl90614.o(i.SMBus_ReadTemp) refers to d2f.o(x$fpl$d2f) for __aeabi_d2f
    mxl90614.o(i.SMBus_ReceiveBit) refers to mxl90614.o(i.SMBus_Delay) for SMBus_Delay
    mxl90614.o(i.SMBus_ReceiveByte) refers to mxl90614.o(i.SMBus_ReceiveBit) for SMBus_ReceiveBit
    mxl90614.o(i.SMBus_ReceiveByte) refers to mxl90614.o(i.SMBus_SendBit) for SMBus_SendBit
    mxl90614.o(i.SMBus_SendBit) refers to mxl90614.o(i.SMBus_Delay) for SMBus_Delay
    mxl90614.o(i.SMBus_SendByte) refers to mxl90614.o(i.SMBus_SendBit) for SMBus_SendBit
    mxl90614.o(i.SMBus_SendByte) refers to mxl90614.o(i.SMBus_ReceiveBit) for SMBus_ReceiveBit
    mxl90614.o(i.SMBus_StartBit) refers to mxl90614.o(i.SMBus_Delay) for SMBus_Delay
    mxl90614.o(i.SMBus_StopBit) refers to mxl90614.o(i.SMBus_Delay) for SMBus_Delay
    mxl90614.o(i.display) refers to mxl90614.o(i.slave_num) for slave_num
    mxl90614.o(i.display) refers to 12864.o(i.lcd_wstr) for lcd_wstr
    mxl90614.o(i.display) refers to 12864.o(i.write_figer) for write_figer
    mxl90614.o(i.display) refers to mxl90614.o(i.number) for number
    mxl90614.o(i.number) refers to 12864.o(i.lcd_wstr) for lcd_wstr
    mxl90614.o(i.slave_num) refers to 12864.o(i.lcd_wstr) for lcd_wstr
    12864.o(i.LcdClearBMP) refers to 12864.o(i.send_cmd) for send_cmd
    12864.o(i.LcdClearBMP) refers to 12864.o(i.write_char) for write_char
    12864.o(i.check_busy) refers to 12864.o(i.send_dat) for send_dat
    12864.o(i.check_busy) refers to 12864.o(i.get_byte) for get_byte
    12864.o(i.get_byte) refers to stm32f10x_gpio.o(i.GPIO_ResetBits) for GPIO_ResetBits
    12864.o(i.get_byte) refers to 12864.o(i.Delay) for Delay
    12864.o(i.get_byte) refers to stm32f10x_gpio.o(i.GPIO_SetBits) for GPIO_SetBits
    12864.o(i.get_byte) refers to stm32f10x_gpio.o(i.GPIO_ReadOutputDataBit) for GPIO_ReadOutputDataBit
    12864.o(i.img_disp) refers to 12864.o(i.send_cmd) for send_cmd
    12864.o(i.img_disp) refers to 12864.o(i.write_char) for write_char
    12864.o(i.lcd_clear) refers to 12864.o(i.send_cmd) for send_cmd
    12864.o(i.lcd_init) refers to 12864.o(i.Delay) for Delay
    12864.o(i.lcd_init) refers to 12864.o(i.send_cmd) for send_cmd
    12864.o(i.lcd_pos) refers to 12864.o(i.send_cmd) for send_cmd
    12864.o(i.lcd_wstr) refers to 12864.o(i.lcd_pos) for lcd_pos
[...]
    Removing stm32f10x_usart.o(i.USART_SmartCardNACKCmd), (24 bytes).
    Removing stm32f10x_usart.o(i.USART_StructInit), (24 bytes).
    Removing stm32f10x_usart.o(i.USART_WakeUpConfig), (18 bytes).
    Removing misc.o(i.NVIC_SetVectorTable), (20 bytes).
    Removing misc.o(i.NVIC_SystemLPConfig), (32 bytes).
    Removing stm32f10x_exti.o(i.EXTI_ClearFlag), (12 bytes).
    Removing stm32f10x_exti.o(i.EXTI_DeInit), (36 bytes).
    Removing stm32f10x_exti.o(i.EXTI_GenerateSWInterrupt), (16 bytes).
    Removing stm32f10x_exti.o(i.EXTI_GetFlagStatus), (24 bytes).
    Removing stm32f10x_exti.o(i.EXTI_GetITStatus), (40 bytes).
    Removing stm32f10x_exti.o(i.EXTI_StructInit), (16 bytes).
    Removing stm32f10x_tim.o(i.TI1_Config), (128 bytes).
    Removing stm32f10x_tim.o(i.TI2_Config), (152 bytes).
    Removing stm32f10x_tim.o(i.TI3_Config), (144 bytes).
    Removing stm32f10x_tim.o(i.TI4_Config), (152 bytes).
    Removing stm32f10x_tim.o(i.TIM_ARRPreloadConfig), (24 bytes).
    Removing stm32f10x_tim.o(i.TIM_BDTRConfig), (32 bytes).
    Removing stm32f10x_tim.o(i.TIM_BDTRStructInit), (18 bytes).
    Removing stm32f10x_tim.o(i.TIM_CCPreloadControl), (24 bytes).
    Removing stm32f10x_tim.o(i.TIM_CCxCmd), (30 bytes).
    Removing stm32f10x_tim.o(i.TIM_CCxNCmd), (30 bytes).
    Removing stm32f10x_tim.o(i.TIM_ClearFlag), (6 bytes).
    Removing stm32f10x_tim.o(i.TIM_ClearOC1Ref), (18 bytes).
    Removing stm32f10x_tim.o(i.TIM_ClearOC2Ref), (24 bytes).
    Removing stm32f10x_tim.o(i.TIM_ClearOC3Ref), (18 bytes).
    Removing stm32f10x_tim.o(i.TIM_ClearOC4Ref), (24 bytes).
    Removing stm32f10x_tim.o(i.TIM_CounterModeConfig), (18 bytes).
    Removing stm32f10x_tim.o(i.TIM_CtrlPWMOutputs), (30 bytes).
    Removing stm32f10x_tim.o(i.TIM_DMACmd), (18 bytes).
    Removing stm32f10x_tim.o(i.TIM_DMAConfig), (10 bytes).
    Removing stm32f10x_tim.o(i.TIM_DeInit), (488 bytes).
    Removing stm32f10x_tim.o(i.TIM_ETRClockMode1Config), (54 bytes).
    Removing stm32f10x_tim.o(i.TIM_ETRClockMode2Config), (32 bytes).
    Removing stm32f10x_tim.o(i.TIM_ETRConfig), (28 bytes).
    Removing stm32f10x_tim.o(i.TIM_EncoderInterfaceConfig), (66 bytes).
    Removing stm32f10x_tim.o(i.TIM_ForcedOC1Config), (18 bytes).
    Removing stm32f10x_tim.o(i.TIM_ForcedOC2Config), (26 bytes).
    Removing stm32f10x_tim.o(i.TIM_ForcedOC3Config), (18 bytes).
    Removing stm32f10x_tim.o(i.TIM_ForcedOC4Config), (26 bytes).
    Removing stm32f10x_tim.o(i.TIM_GenerateEvent), (4 bytes).
    Removing stm32f10x_tim.o(i.TIM_GetCapture1), (6 bytes).
    Removing stm32f10x_tim.o(i.TIM_GetCapture2), (6 bytes).
    Removing stm32f10x_tim.o(i.TIM_GetCapture3), (6 bytes).
    Removing stm32f10x_tim.o(i.TIM_GetCapture4), (8 bytes).
    Removing stm32f10x_tim.o(i.TIM_GetCounter), (6 bytes).
    Removing stm32f10x_tim.o(i.TIM_GetFlagStatus), (18 bytes).
    Removing stm32f10x_tim.o(i.TIM_GetPrescaler), (6 bytes).
    Removing stm32f10x_tim.o(i.TIM_ICInit), (172 bytes).
    Removing stm32f10x_tim.o(i.TIM_ICStructInit), (18 bytes).
    Removing stm32f10x_tim.o(i.TIM_ITRxExternalClockConfig), (24 bytes).
    Removing stm32f10x_tim.o(i.TIM_InternalClockConfig), (12 bytes).
    Removing stm32f10x_tim.o(i.TIM_OC1FastConfig), (18 bytes).
    Removing stm32f10x_tim.o(i.TIM_OC1Init), (152 bytes).
    Removing stm32f10x_tim.o(i.TIM_OC1NPolarityConfig), (18 bytes).
    Removing stm32f10x_tim.o(i.TIM_OC1PolarityConfig), (18 bytes).
    Removing stm32f10x_tim.o(i.TIM_OC1PreloadConfig), (18 bytes).
    Removing stm32f10x_tim.o(i.TIM_OC2FastConfig), (26 bytes).
    Removing stm32f10x_tim.o(i.TIM_OC2Init), (164 bytes).
    Removing stm32f10x_tim.o(i.TIM_OC2NPolarityConfig), (26 bytes).
    Removing stm32f10x_tim.o(i.TIM_OC2PolarityConfig), (26 bytes).
    Removing stm32f10x_tim.o(i.TIM_OC2PreloadConfig), (26 bytes).
    Removing stm32f10x_tim.o(i.TIM_OC3FastConfig), (18 bytes).
    Removing stm32f10x_tim.o(i.TIM_OC3Init), (160 bytes).
    Removing stm32f10x_tim.o(i.TIM_OC3NPolarityConfig), (26 bytes).
    Removing stm32f10x_tim.o(i.TIM_OC3PolarityConfig), (26 bytes).
    Removing stm32f10x_tim.o(i.TIM_OC3PreloadConfig), (18 bytes).
    Removing stm32f10x_tim.o(i.TIM_OC4FastConfig), (26 bytes).
    Removing stm32f10x_tim.o(i.TIM_OC4Init), (124 bytes).
    Removing stm32f10x_tim.o(i.TIM_OC4PolarityConfig), (26 bytes).
    Removing stm32f10x_tim.o(i.TIM_OC4PreloadConfig), (26 bytes).
    Removing stm32f10x_tim.o(i.TIM_OCStructInit), (20 bytes).
    Removing stm32f10x_tim.o(i.TIM_PWMIConfig), (124 bytes).
    Removing stm32f10x_tim.o(i.TIM_PrescalerConfig), (6 bytes).
    Removing stm32f10x_tim.o(i.TIM_SelectCCDMA), (24 bytes).
    Removing stm32f10x_tim.o(i.TIM_SelectCOM), (24 bytes).
    Removing stm32f10x_tim.o(i.TIM_SelectHallSensor), (24 bytes).
    Removing stm32f10x_tim.o(i.TIM_SelectInputTrigger), (18 bytes).
    Removing stm32f10x_tim.o(i.TIM_SelectMasterSlaveMode), (18 bytes).
    Removing stm32f10x_tim.o(i.TIM_SelectOCxM), (82 bytes).
    Removing stm32f10x_tim.o(i.TIM_SelectOnePulseMode), (18 bytes).
    Removing stm32f10x_tim.o(i.TIM_SelectOutputTrigger), (18 bytes).
    Removing stm32f10x_tim.o(i.TIM_SelectSlaveMode), (18 bytes).
    Removing stm32f10x_tim.o(i.TIM_SetAutoreload), (4 bytes).
    Removing stm32f10x_tim.o(i.TIM_SetClockDivision), (18 bytes).
    Removing stm32f10x_tim.o(i.TIM_SetCompare1), (4 bytes).
    Removing stm32f10x_tim.o(i.TIM_SetCompare2), (4 bytes).
    Removing stm32f10x_tim.o(i.TIM_SetCompare3), (4 bytes).
    Removing stm32f10x_tim.o(i.TIM_SetCompare4), (6 bytes).
    Removing stm32f10x_tim.o(i.TIM_SetCounter), (4 bytes).
    Removing stm32f10x_tim.o(i.TIM_SetIC1Prescaler), (18 bytes).
    Removing stm32f10x_tim.o(i.TIM_SetIC2Prescaler), (26 bytes).
    Removing stm32f10x_tim.o(i.TIM_SetIC3Prescaler), (18 bytes).
    Removing stm32f10x_tim.o(i.TIM_SetIC4Prescaler), (26 bytes).
    Removing stm32f10x_tim.o(i.TIM_TIxExternalClockConfig), (62 bytes).
    Removing stm32f10x_tim.o(i.TIM_TimeBaseStructInit), (18 bytes).
    Removing stm32f10x_tim.o(i.TIM_UpdateDisableConfig), (24 bytes).
    Removing stm32f10x_tim.o(i.TIM_UpdateRequestConfig), (24 bytes).

254 unused section(s) (total 24641 bytes) removed from the image.

==============================================================================

Image Symbol Table

    Local Symbols

    Symbol Name                              Value     Ov Type        Size  Object(Section)

    ../clib/angel/boardlib.s                 0x00000000   Number         0  boardinit1.o ABSOLUTE
    ../clib/angel/boardlib.s                 0x00000000   Number         0  boardinit3.o ABSOLUTE
    ../clib/angel/boardlib.s                 0x00000000   Number         0  boardinit2.o ABSOLUTE
    ../clib/angel/boardlib.s                 0x00000000   Number         0  boardshut.o ABSOLUTE
    ../clib/angel/handlers.s                 0x00000000   Number         0  __scatter_copy.o ABSOLUTE
    ../clib/angel/handlers.s                 0x00000000   Number         0  __scatter_zi.o ABSOLUTE
    ../clib/angel/kernel.s                   0x00000000   Number         0  rtexit2.o ABSOLUTE
    ../clib/angel/kernel.s                   0x00000000   Number         0  __rtentry.o ABSOLUTE
    ../clib/angel/kernel.s                   0x00000000   Number         0  __rtentry4.o ABSOLUTE
    ../clib/angel/kernel.s                   0x00000000   Number         0  rtexit.o ABSOLUTE
    ../clib/angel/kernel.s                   0x00000000   Number         0  __rtentry2.o ABSOLUTE
    ../clib/angel/rt.s                       0x00000000   Number         0  rt_raise.o ABSOLUTE
    ../clib/angel/rt.s                       0x00000000   Number         0  rt_errno_addr_intlibspace.o ABSOLUTE
    ../clib/angel/rt.s                       0x00000000   Number         0  rt_errno_addr.o ABSOLUTE
    ../clib/angel/scatter.s                  0x00000000   Number         0  __scatter.o ABSOLUTE
    ../clib/angel/startup.s                  0x00000000   Number         0  __main.o ABSOLUTE
    ../clib/angel/sys.s                      0x00000000   Number         0  indicate_semi.o ABSOLUTE
    ../clib/angel/sys.s                      0x00000000   Number         0  use_no_semi.o ABSOLUTE
    ../clib/angel/sys.s                      0x00000000   Number         0  sys_stackheap_outer.o ABSOLUTE
    ../clib/angel/sys.s                      0x00000000   Number         0  libspace.o ABSOLUTE
    ../clib/angel/sys.s                      0x00000000   Number         0  use_no_semi_2.o ABSOLUTE
    ../clib/angel/sysapp.c                   0x00000000   Number         0  sys_command.o ABSOLUTE
    ../clib/angel/sysapp.c                   0x00000000   Number         0  sys_wrch.o ABSOLUTE
    ../clib/armsys.c                         0x00000000   Number         0  no_argv.o ABSOLUTE
    ../clib/armsys.c                         0x00000000   Number         0  _get_argv_nomalloc.o ABSOLUTE
    ../clib/armsys.c                         0x00000000   Number         0  argv_veneer.o ABSOLUTE
    ../clib/armsys.c                         0x00000000   Number         0  argv_veneer.o ABSOLUTE
    ../clib/fenv.c                           0x00000000   Number         0  _rserrno.o ABSOLUTE
    ../clib/heapalloc.c                      0x00000000   Number         0  hrguard.o ABSOLUTE
    ../clib/heapaux.c                        0x00000000   Number         0  heapauxi.o ABSOLUTE
    ../clib/libinit.s                        0x00000000   Number         0  libshutdown.o ABSOLUTE
    ../clib/libinit.s                        0x00000000   Number         0  libinit2.o ABSOLUTE
    ../clib/libinit.s                        0x00000000   Number         0  libshutdown2.o ABSOLUTE
    ../clib/libinit.s                        0x00000000   Number         0  libinit.o ABSOLUTE
    ../clib/memcpset.s                       0x00000000   Number         0  strcmpv7m.o ABSOLUTE
    ../clib/printf.c                         0x00000000   Number         0  __printf_nopercent.o ABSOLUTE
    ../clib/printf.c                         0x00000000   Number         0  noretval__2printf.o ABSOLUTE
    ../clib/printf.c                         0x00000000   Number         0  __printf.o ABSOLUTE
    ../clib/printf.c                         0x00000000   Number         0  _printf_str.o ABSOLUTE
    ../clib/printf.c                         0x00000000   Number         0  _printf_dec.o ABSOLUTE
    ../clib/printf.c                         0x00000000   Number         0  _printf_hex_ll.o ABSOLUTE
    ../clib/printf.c                         0x00000000   Number         0  _printf_hex_int.o ABSOLUTE
    ../clib/printf.c                         0x00000000   Number         0  __printf_ss.o ABSOLUTE
    ../clib/printf.c                         0x00000000   Number         0  __printf_flags.o ABSOLUTE
    ../clib/printf.c                         0x00000000   Number         0  _printf_hex_int_ll_ptr.o ABSOLUTE
    ../clib/printf.c                         0x00000000   Number         0  _printf_hex_int_ll.o ABSOLUTE
    ../clib/printf.c                         0x00000000   Number         0  _printf_hex_ptr.o ABSOLUTE
    ../clib/printf.c                         0x00000000   Number         0  _printf_hex_int_ptr.o ABSOLUTE
    ../clib/printf.c                         0x00000000   Number         0  _printf_char_file.o ABSOLUTE
    ../clib/printf.c                         0x00000000   Number         0  _printf_char.o ABSOLUTE
    ../clib/printf.c                         0x00000000   Number         0  _printf_intcommon.o ABSOLUTE
    ../clib/printf.c                         0x00000000   Number         0  __2printf.o ABSOLUTE
    ../clib/printf.c                         0x00000000   Number         0  __printf_flags_ss_wp.o ABSOLUTE
    ../clib/printf.c                         0x00000000   Number         0  _printf_hex_ll_ptr.o ABSOLUTE
    ../clib/printf.c                         0x00000000   Number         0  __printf_ss_wp.o ABSOLUTE
    ../clib/printf.c                         0x00000000   Number         0  _printf_char_common.o ABSOLUTE
    ../clib/printf.c                         0x00000000   Number         0  __printf_flags_wp.o ABSOLUTE
    ../clib/printf.c                         0x00000000   Number         0  __printf_wp.o ABSOLUTE
    ../clib/printf.c                         0x00000000   Number         0  __printf_flags_ss.o ABSOLUTE
    ../clib/printf_percent.s                 0x00000000   Number         0  _printf_d.o ABSOLUTE
    ../clib/printf_percent.s                 0x00000000   Number         0  _printf_percent_end.o ABSOLUTE
    ../clib/printf_percent.s                 0x00000000   Number         0  _printf_x.o ABSOLUTE
    ../clib/printf_percent.s                 0x00000000   Number         0  _printf_s.o ABSOLUTE
    ../clib/printf_percent.s                 0x00000000   Number         0  _printf_percent.o ABSOLUTE
    ../clib/signal.c                         0x00000000   Number         0  defsig_rtmem_outer.o ABSOLUTE
    ../clib/signal.c                         0x00000000   Number         0  defsig_segv_inner.o ABSOLUTE
    ../clib/signal.c                         0x00000000   Number         0  defsig_rtmem_formal.o ABSOLUTE
    ../clib/signal.c                         0x00000000   Number         0  __raise.o ABSOLUTE
    ../clib/signal.c                         0x00000000   Number         0  defsig_cppl_inner.o ABSOLUTE
    ../clib/signal.c                         0x00000000   Number         0  defsig_pvfn_inner.o ABSOLUTE
    ../clib/signal.c                         0x00000000   Number         0  defsig_stak_inner.o ABSOLUTE
    ../clib/signal.c                         0x00000000   Number         0  defsig_abrt_inner.o ABSOLUTE
    ../clib/signal.c                         0x00000000   Number         0  defsig_general.o ABSOLUTE
    ../clib/signal.c                         0x00000000   Number         0  defsig_rtmem_inner.o ABSOLUTE
    ../clib/signal.c                         0x00000000   Number         0  defsig_exit.o ABSOLUTE
    ../clib/signal.c                         0x00000000   Number         0  defsig_rtred_inner.o ABSOLUTE
    ../clib/signal.c                         0x00000000   Number         0  defsig_fpe_inner.o ABSOLUTE
    ../clib/signal.c                         0x00000000   Number         0  defsig_other.o ABSOLUTE
    ../clib/signal.s                         0x00000000   Number         0  defsig.o ABSOLUTE
    ../clib/stdio.c                          0x00000000   Number         0  ferror.o ABSOLUTE
    ../clib/stdio.c                          0x00000000   Number         0  ferror_locked.o ABSOLUTE
    ../clib/stdlib.c                         0x00000000   Number         0  exit.o ABSOLUTE
    ../fplib/d2f.s                           0x00000000   Number         0  d2f.o ABSOLUTE
    ../fplib/daddsub.s                       0x00000000   Number         0  daddsub_clz.o ABSOLUTE
    ../fplib/dcmpi.s                         0x00000000   Number         0  dcmpi.o ABSOLUTE
    ../fplib/dfixu.s                         0x00000000   Number         0  dfixu.o ABSOLUTE
    ../fplib/dflt.s                          0x00000000   Number         0  dflt_clz.o ABSOLUTE
    ../fplib/dleqf.s                         0x00000000   Number         0  dleqf.o ABSOLUTE
    ../fplib/dmul.s                          0x00000000   Number         0  dmul.o ABSOLUTE
    ../fplib/dnaninf.s                       0x00000000   Number         0  dnaninf.o ABSOLUTE
    ../fplib/dretinf.s                       0x00000000   Number         0  dretinf.o ABSOLUTE
    ../fplib/drleqf.s                        0x00000000   Number         0  drleqf.o ABSOLUTE
    ../fplib/dsqrt.s                         0x00000000   Number         0  dsqrt_noumaal.o ABSOLUTE
    ../fplib/f2d.s                           0x00000000   Number         0  f2d.o ABSOLUTE
    ../fplib/faddsub.s                       0x00000000   Number         0  faddsub_clz.o ABSOLUTE
    ../fplib/fdiv.s                          0x00000000   Number         0  fdiv.o ABSOLUTE
    ../fplib/ffix.s                          0x00000000   Number         0  ffix.o ABSOLUTE
    ../fplib/ffixu.s                         0x00000000   Number         0  ffixu.o ABSOLUTE
    ../fplib/fflt.s                          0x00000000   Number         0  fflt_clz.o ABSOLUTE
    ../fplib/fmul.s                          0x00000000   Number         0  fmul.o ABSOLUTE
    ../fplib/fnaninf.s                       0x00000000   Number         0  fnaninf.o ABSOLUTE
    ../fplib/fpinit.s                        0x00000000   Number         0  fpinit.o ABSOLUTE
    ../fplib/fretinf.s                       0x00000000   Number         0  fretinf.o ABSOLUTE
    ../fplib/usenofp.s                       0x00000000   Number         0  usenofp.o ABSOLUTE
    ../mathlib/sqrt.c                        0x00000000   Number         0  sqrt_x.o ABSOLUTE
    ../mathlib/sqrt.c                        0x00000000   Number         0  sqrt.o ABSOLUTE
    ..\12864.c                               0x00000000   Number         0  12864.o ABSOLUTE
    ..\CORE\core_cm3.c                       0x00000000   Number         0  core_cm3.o ABSOLUTE
    ..\CORE\startup_stm32f10x_hd.s           0x00000000   Number         0  startup_stm32f10x_hd.o ABSOLUTE
    ..\HARDWARE\24CXX\24cxx.c                0x00000000   Number         0  24cxx.o ABSOLUTE
    ..\HARDWARE\EXTI\exti.c                  0x00000000   Number         0  exti.o ABSOLUTE
    ..\HARDWARE\IIC\myiic.c                  0x00000000   Number         0  myiic.o ABSOLUTE
    ..\HARDWARE\KEY\key.c                    0x00000000   Number         0  key.o ABSOLUTE
    ..\HARDWARE\LCD\lcd.c                    0x00000000   Number         0  lcd.o ABSOLUTE
    ..\HARDWARE\LED\led.c                    0x00000000   Number         0  led.o ABSOLUTE
    ..\HARDWARE\TIMER\timer.c                0x00000000   Number         0  timer.o ABSOLUTE
    ..\HARDWARE\TOUCH\ctiic.c                0x00000000   Number         0  ctiic.o ABSOLUTE
    ..\HARDWARE\TOUCH\ft5206.c               0x00000000   Number         0  ft5206.o ABSOLUTE
    ..\HARDWARE\TOUCH\gt9147.c               0x00000000   Number         0  gt9147.o ABSOLUTE
    ..\HARDWARE\TOUCH\ott2001a.c             0x00000000   Number         0  ott2001a.o ABSOLUTE
    ..\HARDWARE\TOUCH\touch.c                0x00000000   Number         0  touch.o ABSOLUTE
    ..\STM32F10x_FWLib\src\misc.c            0x00000000   Number         0  misc.o ABSOLUTE
    ..\STM32F10x_FWLib\src\stm32f10x_exti.c  0x00000000   Number         0  stm32f10x_exti.o ABSOLUTE
    ..\STM32F10x_FWLib\src\stm32f10x_gpio.c  0x00000000   Number         0  stm32f10x_gpio.o ABSOLUTE
    ..\STM32F10x_FWLib\src\stm32f10x_rcc.c   0x00000000   Number         0  stm32f10x_rcc.o ABSOLUTE
    ..\STM32F10x_FWLib\src\stm32f10x_tim.c   0x00000000   Number         0  stm32f10x_tim.o ABSOLUTE
    ..\STM32F10x_FWLib\src\stm32f10x_usart.c 0x00000000   Number         0  stm32f10x_usart.o ABSOLUTE
    ..\SYSTEM\delay\delay.c                  0x00000000   Number         0  delay.o ABSOLUTE
    ..\SYSTEM\sys\sys.c                      0x00000000   Number         0  sys.o ABSOLUTE
    ..\SYSTEM\usart\usart.c                  0x00000000   Number         0  usart.o ABSOLUTE
    ..\\CORE\\core_cm3.c                     0x00000000   Number         0  core_cm3.o ABSOLUTE
    ..\\SYSTEM\\sys\\sys.c                   0x00000000   Number         0  sys.o ABSOLUTE
    ..\mxl90614.c                            0x00000000   Number         0  mxl90614.o ABSOLUTE
    ..\pcb_config.c                          0x00000000   Number         0  pcb_config.o ABSOLUTE
    dc.s                                     0x00000000   Number         0  dc.o ABSOLUTE
    main.c                                   0x00000000   Number         0  main.o ABSOLUTE
    stm32f10x_it.c                           0x00000000   Number         0  stm32f10x_it.o ABSOLUTE
    system_stm32f10x.c                       0x00000000   Number         0  system_stm32f10x.o ABSOLUTE
    RESET                                    0x08000000   Section      304  startup_stm32f10x_hd.o(RESET)
    !!!main                                  0x08000130   Section        8  __main.o(!!!main)
    !!!scatter                               0x08000138   Section       52  __scatter.o(!!!scatter)
    !!handler_copy                           0x0800016c   Section       26  __scatter_copy.o(!!handler_copy)
    !!handler_zi                             0x08000188   Section       28  __scatter_zi.o(!!handler_zi)
    .ARM.Collect$$_printf_percent$$00000000  0x080001a4   Section        0  _printf_percent.o(.ARM.Collect$$_printf_percent$$00000000)
    .ARM.Collect$$_printf_percent$$0000000C  0x080001a4   Section        6  _printf_x.o(.ARM.Collect$$_printf_percent$$0000000C)
    .ARM.Collect$$_printf_percent$$00000017  0x080001aa   Section        4  _printf_percent_end.o(.ARM.Collect$$_printf_percent$$00000017)
    .ARM.Collect$$libinit$$00000000          0x080001ae   Section        2  libinit.o(.ARM.Collect$$libinit$$00000000)
    .ARM.Collect$$libinit$$00000002          0x080001b0   Section        0  libinit2.o(.ARM.Collect$$libinit$$00000002)
    .ARM.Collect$$libinit$$00000004          0x080001b0   Section        0  libinit2.o(.ARM.Collect$$libinit$$00000004)
    .ARM.Collect$$libinit$$0000000A          0x080001b0   Section        0  libinit2.o(.ARM.Collect$$libinit$$0000000A)
    .ARM.Collect$$libinit$$0000000C          0x080001b0   Section        0  libinit2.o(.ARM.Collect$$libinit$$0000000C)
    .ARM.Collect$$libinit$$0000000E          0x080001b0   Section        0  libinit2.o(.ARM.Collect$$libinit$$0000000E)
    .ARM.Collect$$libinit$$00000011          0x080001b0   Section        0  libinit2.o(.ARM.Collect$$libinit$$00000011)
    .ARM.Collect$$libinit$$00000013          0x080001b0   Section        0  libinit2.o(.ARM.Collect$$libinit$$00000013)
    .ARM.Collect$$libinit$$00000015          0x080001b0   Section        0  libinit2.o(.ARM.Collect$$libinit$$00000015)
    .ARM.Collect$$libinit$$00000017          0x080001b0   Section        0  libinit2.o(.ARM.Collect$$libinit$$00000017)
    .ARM.Collect$$libinit$$00000019          0x080001b0   Section        0  libinit2.o(.ARM.Collect$$libinit$$00000019)
    .ARM.Collect$$libinit$$0000001B          0x080001b0   Section        0  libinit2.o(.ARM.Collect$$libinit$$0000001B)
    .ARM.Collect$$libinit$$0000001D          0x080001b0   Section        0  libinit2.o(.ARM.Collect$$libinit$$0000001D)
    .ARM.Collect$$libinit$$0000001F          0x080001b0   Section        0  libinit2.o(.ARM.Collect$$libinit$$0000001F)
    .ARM.Collect$$libinit$$00000021          0x080001b0   Section        0  libinit2.o(.ARM.Collect$$libinit$$00000021)
    .ARM.Collect$$libinit$$00000023          0x080001b0   Section        0  libinit2.o(.ARM.Collect$$libinit$$00000023)
    .ARM.Collect$$libinit$$00000025          0x080001b0   Section        0  libinit2.o(.ARM.Collect$$libinit$$00000025)
    .ARM.Collect$$libinit$$0000002C          0x080001b0   Section        0  libinit2.o(.ARM.Collect$$libinit$$0000002C)
    .ARM.Collect$$libinit$$0000002E          0x080001b0   Section        0  libinit2.o(.ARM.Collect$$libinit$$0000002E)
    .ARM.Collect$$libinit$$00000030          0x080001b0   Section        0  libinit2.o(.ARM.Collect$$libinit$$00000030)
    .ARM.Collect$$libinit$$00000032          0x080001b0   Section        0  libinit2.o(.ARM.Collect$$libinit$$00000032)
    .ARM.Collect$$libinit$$00000033          0x080001b0   Section        2  libinit2.o(.ARM.Collect$$libinit$$00000033)
    .ARM.Collect$$libshutdown$$00000000      0x080001b2   Section        2  libshutdown.o(.ARM.Collect$$libshutdown$$00000000)
    .ARM.Collect$$libshutdown$$00000002      0x080001b4   Section        0  libshutdown2.o(.ARM.Collect$$libshutdown$$00000002)
    .ARM.Collect$$libshutdown$$00000004      0x080001b4   Section        0  libshutdown2.o(.ARM.Collect$$libshutdown$$00000004)
    .ARM.Collect$$libshutdown$$00000007      0x080001b4   Section        0  libshutdown2.o(.ARM.Collect$$libshutdown$$00000007)
    .ARM.Collect$$libshutdown$$0000000A      0x080001b4   Section        0  libshutdown2.o(.ARM.Collect$$libshutdown$$0000000A)
    .ARM.Collect$$libshutdown$$0000000C      0x080001b4   Section        0  libshutdown2.o(.ARM.Collect$$libshutdown$$0000000C)
    .ARM.Collect$$libshutdown$$0000000F      0x080001b4   Section        0  libshutdown2.o(.ARM.Collect$$libshutdown$$0000000F)
    .ARM.Collect$$libshutdown$$00000010      0x080001b4   Section        2  libshutdown2.o(.ARM.Collect$$libshutdown$$00000010)
    .ARM.Collect$$rtentry$$00000000          0x080001b6   Section        0  __rtentry.o(.ARM.Collect$$rtentry$$00000000)
    .ARM.Collect$$rtentry$$00000002          0x080001b6   Section        0  __rtentry2.o(.ARM.Collect$$rtentry$$00000002)
    .ARM.Collect$$rtentry$$00000004          0x080001b6   Section        6  __rtentry4.o(.ARM.Collect$$rtentry$$00000004)
    .ARM.Collect$$rtentry$$00000009          0x080001bc   Section        0  __rtentry2.o(.ARM.Collect$$rtentry$$00000009)
    .ARM.Collect$$rtentry$$0000000A          0x080001bc   Section        4  __rtentry2.o(.ARM.Collect$$rtentry$$0000000A)
    .ARM.Collect$$rtentry$$0000000C          0x080001c0   Section        0  __rtentry2.o(.ARM.Collect$$rtentry$$0000000C)
    .ARM.Collect$$rtentry$$0000000D          0x080001c0   Section        8  __rtentry2.o(.ARM.Collect$$rtentry$$0000000D)
    .ARM.Collect$$rtexit$$00000000           0x080001c8   Section        2  rtexit.o(.ARM.Collect$$rtexit$$00000000)
    .ARM.Collect$$rtexit$$00000002           0x080001ca   Section        0  rtexit2.o(.ARM.Collect$$rtexit$$00000002)
    .ARM.Collect$$rtexit$$00000003           0x080001ca   Section        4  rtexit2.o(.ARM.Collect$$rtexit$$00000003)
    .ARM.Collect$$rtexit$$00000004           0x080001ce   Section        6  rtexit2.o(.ARM.Collect$$rtexit$$00000004)
    .text                                    0x080001d4   Section       64  startup_stm32f10x_hd.o(.text)
    .text                                    0x08000214   Section        2  use_no_semi_2.o(.text)
    .text                                    0x08000218   Section        0  noretval__2printf.o(.text)
    .text                                    0x08000230   Section        0  __printf.o(.text)
    .text                                    0x08000298   Section        0  _printf_hex_int.o(.text)
    .text                                    0x080002f0   Section        0  heapauxi.o(.text)
    .text                                    0x080002f6   Section        2  use_no_semi.o(.text)
    .text                                    0x080002f8   Section        0  _printf_intcommon.o(.text)
    .text                                    0x080003ac   Section        0  _printf_char_file.o(.text)
    .text                                    0x080003d0   Section        0  _printf_char_common.o(.text)
    _printf_input_char                       0x080003d1   Thumb Code    10  _printf_char_common.o(.text)
    .text                                    0x08000400   Section        0  ferror.o(.text)
    .text                                    0x08000408   Section        8  libspace.o(.text)
    .text                                    0x08000410   Section       74  sys_stackheap_outer.o(.text)
    .text                                    0x0800045a   Section        0  exit.o(.text)
    i.BusFault_Handler                       0x0800046c   Section        0  stm32f10x_it.o(i.BusFault_Handler)
    i.DebugMon_Handler                       0x08000470   Section        0  stm32f10x_it.o(i.DebugMon_Handler)
    i.Delay                                  0x08000472   Section        0  12864.o(i.Delay)
    i.EXTI0_IRQHandler                       0x08000484   Section        0  exti.o(i.EXTI0_IRQHandler)
    i.EXTI15_10_IRQHandler                   0x0800049c   Section        0  exti.o(i.EXTI15_10_IRQHandler)
    i.EXTI9_5_IRQHandler                     0x080004a8   Section        0  exti.o(i.EXTI9_5_IRQHandler)
    i.EXTIX_Init                             0x080004b2   Section        0  exti.o(i.EXTIX_Init)
    i.EXTI_ClearITPendingBit                 0x08000588   Section        0  stm32f10x_exti.o(i.EXTI_ClearITPendingBit)
    i.EXTI_Init                              0x08000594   Section        0  stm32f10x_exti.o(i.EXTI_Init)
    i.GPIO_EXTILineConfig                    0x08000628   Section        0  stm32f10x_gpio.o(i.GPIO_EXTILineConfig)
    i.GPIO_Init                              0x08000668   Section        0  stm32f10x_gpio.o(i.GPIO_Init)
    i.GPIO_PinRemapConfig                    0x08000780   Section        0  stm32f10x_gpio.o(i.GPIO_PinRemapConfig)
    i.GPIO_ReadOutputDataBit                 0x08000810   Section        0  stm32f10x_gpio.o(i.GPIO_ReadOutputDataBit)
    i.GPIO_ResetBits                         0x08000822   Section        0  stm32f10x_gpio.o(i.GPIO_ResetBits)
    i.GPIO_SetBits                           0x08000826   Section        0  stm32f10x_gpio.o(i.GPIO_SetBits)
    i.HardFault_Handler                      0x0800082a   Section        0  stm32f10x_it.o(i.HardFault_Handler)
    i.KEY_Init                               0x08000830   Section        0  key.o(i.KEY_Init)
    i.LCD_Clear                              0x080008e4   Section        0  lcd.o(i.LCD_Clear)
    i.LCD_Display_Dir                        0x0800096c   Section        0  lcd.o(i.LCD_Display_Dir)
    i.LCD_Init                               0x08000b2c   Section        0  lcd.o(i.LCD_Init)
    i.LCD_RD_DATA                            0x080046e8   Section        0  lcd.o(i.LCD_RD_DATA)
    i.LCD_ReadReg                            0x08004758   Section        0  lcd.o(i.LCD_ReadReg)
    i.LCD_SSD_BackLightSet                   0x08004768   Section        0  lcd.o(i.LCD_SSD_BackLightSet)
    i.LCD_Scan_Dir                           0x0800483c   Section        0  lcd.o(i.LCD_Scan_Dir)
    i.LCD_SetCursor                          0x08004c94   Section        0  lcd.o(i.LCD_SetCursor)
    i.LCD_WR_DATAX                           0x08005050   Section        0  lcd.o(i.LCD_WR_DATAX)
    i.LCD_WR_REG                             0x08005074   Section        0  lcd.o(i.LCD_WR_REG)
    i.LCD_WriteRAM_Prepare                   0x08005098   Section        0  lcd.o(i.LCD_WriteRAM_Prepare)
    i.LCD_WriteReg                           0x080050a8   Section        0  lcd.o(i.LCD_WriteReg)
    i.LED_Init                               0x080050d8   Section        0  led.o(i.LED_Init)
    i.MemManage_Handler                      0x08005128   Section        0  stm32f10x_it.o(i.MemManage_Handler)
    i.NMI_Handler                            0x0800512c   Section        0  stm32f10x_it.o(i.NMI_Handler)
    i.NVIC_Init                              0x08005130   Section        0  misc.o(i.NVIC_Init)
    i.NVIC_PriorityGroupConfig               0x080051a0   Section        0  misc.o(i.NVIC_PriorityGroupConfig)
    i.PEC_Calculation                        0x080051b4   Section        0  mxl90614.o(i.PEC_Calculation)
    i.PendSV_Handler                         0x0800526e   Section        0  stm32f10x_it.o(i.PendSV_Handler)
    i.RCC_APB1PeriphClockCmd                 0x08005270   Section        0  stm32f10x_rcc.o(i.RCC_APB1PeriphClockCmd)
    i.RCC_APB2PeriphClockCmd                 0x08005290   Section        0  stm32f10x_rcc.o(i.RCC_APB2PeriphClockCmd)
    i.RCC_GetClocksFreq                      0x080052b0   Section        0  stm32f10x_rcc.o(i.RCC_GetClocksFreq)
    i.SMBus_Delay                            0x08005384   Section        0  mxl90614.o(i.SMBus_Delay)
    i.SMBus_Init                             0x080053a0   Section        0  mxl90614.o(i.SMBus_Init)
    i.SMBus_ReadMemory                       0x080053d8   Section        0  mxl90614.o(i.SMBus_ReadMemory)
    i.SMBus_ReceiveBit                       0x08005484   Section        0  mxl90614.o(i.SMBus_ReceiveBit)
    i.SMBus_ReceiveByte                      0x080054c0   Section        0  mxl90614.o(i.SMBus_ReceiveByte)
    i.SMBus_SendBit                          0x080054f4   Section        0  mxl90614.o(i.SMBus_SendBit)
    i.SMBus_SendByte                         0x08005530   Section        0  mxl90614.o(i.SMBus_SendByte)
    i.SMBus_StartBit                         0x08005560   Section        0  mxl90614.o(i.SMBus_StartBit)
    i.SMBus_StopBit                          0x0800559c   Section        0  mxl90614.o(i.SMBus_StopBit)
    i.SVC_Handler                            0x080055d4   Section        0  stm32f10x_it.o(i.SVC_Handler)
    i.SetSysClock                            0x080055d6   Section        0  system_stm32f10x.o(i.SetSysClock)
    SetSysClock                              0x080055d7   Thumb Code     8  system_stm32f10x.o(i.SetSysClock)
    i.SetSysClockTo72                        0x080055e0   Section        0  system_stm32f10x.o(i.SetSysClockTo72)
    SetSysClockTo72                          0x080055e1   Thumb Code   214  system_stm32f10x.o(i.SetSysClockTo72)
    i.SysTick_CLKSourceConfig                0x080056c0   Section        0  misc.o(i.SysTick_CLKSourceConfig)
    i.SysTick_Handler                        0x080056e8   Section        0  stm32f10x_it.o(i.SysTick_Handler)
    i.SystemInit                             0x080056ec   Section        0  system_stm32f10x.o(i.SystemInit)
    i.TIM3_IRQHandler                        0x0800574c   Section        0  timer.o(i.TIM3_IRQHandler)
    i.TIM3_Int_Init                          0x080057e8   Section        0  timer.o(i.TIM3_Int_Init)
    i.TIM_ClearITPendingBit                  0x08005848   Section        0  stm32f10x_tim.o(i.TIM_ClearITPendingBit)
    i.TIM_Cmd                                0x0800584e   Section        0  stm32f10x_tim.o(i.TIM_Cmd)
    i.TIM_GetITStatus                        0x08005866   Section        0  stm32f10x_tim.o(i.TIM_GetITStatus)
    i.TIM_ITConfig                           0x08005888   Section        0  stm32f10x_tim.o(i.TIM_ITConfig)
    i.TIM_TimeBaseInit                       0x0800589c   Section        0  stm32f10x_tim.o(i.TIM_TimeBaseInit)
    i.USART1_IRQHandler                      0x08005940   Section        0  usart.o(i.USART1_IRQHandler)
    i.USART_Cmd                              0x080059c8   Section        0  stm32f10x_usart.o(i.USART_Cmd)
    i.USART_GetITStatus                      0x080059e0   Section        0  stm32f10x_usart.o(i.USART_GetITStatus)
    i.USART_ITConfig                         0x08005a34   Section        0  stm32f10x_usart.o(i.USART_ITConfig)
    i.USART_Init                             0x08005a80   Section        0  stm32f10x_usart.o(i.USART_Init)
    i.USART_ReceiveData                      0x08005b58   Section        0  stm32f10x_usart.o(i.USART_ReceiveData)
    i.UsageFault_Handler                     0x08005b62   Section        0  stm32f10x_it.o(i.UsageFault_Handler)
    i._sys_exit                              0x08005b66   Section        0  usart.o(i._sys_exit)
    i.check_busy                             0x08005b6c   Section        0  12864.o(i.check_busy)
    i.delay_init                             0x08005b84   Section        0  delay.o(i.delay_init)
    i.delay_ms                               0x08005bc8   Section        0  delay.o(i.delay_ms)
    i.delay_us                               0x08005c14   Section        0  delay.o(i.delay_us)
    i.display                                0x08005c60   Section        0  mxl90614.o(i.display)
    i.fputc                                  0x08005d30   Section        0  usart.o(i.fputc)
    i.get_byte                               0x08005d4c   Section        0  12864.o(i.get_byte)
    i.lcd_init                               0x08005dec   Section        0  12864.o(i.lcd_init)
    i.lcd_pos                                0x08005e16   Section        0  12864.o(i.lcd_pos)
    i.lcd_wstr                               0x08005e5c   Section        0  12864.o(i.lcd_wstr)
    i.main                                   0x08005e88   Section        0  main.o(i.main)
    i.number                                 0x08005f60   Section        0  mxl90614.o(i.number)
    i.pcb_GPIO_Init                          0x0800601c   Section        0  pcb_config.o(i.pcb_GPIO_Init)
    i.pcb_Init                               0x08006078   Section        0  pcb_config.o(i.pcb_Init)
    i.pcb_RCC_Config                         0x080060a8   Section        0  pcb_config.o(i.pcb_RCC_Config)
    i.send_cmd                               0x080060bc   Section        0  12864.o(i.send_cmd)
    i.send_dat                               0x080060dc   Section        0  12864.o(i.send_dat)
    i.slave_num                              0x0800612c   Section        0  mxl90614.o(i.slave_num)
    i.uart_init                              0x08006224   Section        0  usart.o(i.uart_init)
    i.write_char                             0x080062c4   Section        0  12864.o(i.write_char)
    i.write_figer                            0x080062e4   Section        0  12864.o(i.write_figer)
    x$fpl$dfixu                              0x0800639c   Section       90  dfixu.o(x$fpl$dfixu)
    x$fpl$dfltu                              0x080063f6   Section       38  dflt_clz.o(x$fpl$dfltu)
    x$fpl$dmul                               0x0800641c   Section      340  dmul.o(x$fpl$dmul)
    x$fpl$dnaninf                            0x08006570   Section      156  dnaninf.o(x$fpl$dnaninf)
    x$fpl$dretinf                            0x0800660c   Section       12  dretinf.o(x$fpl$dretinf)
    .constdata                               0x08006618   Section       40  _printf_hex_int.o(.constdata)
    x$fpl$usenofp                            0x08006618   Section        0  usenofp.o(x$fpl$usenofp)
    uc_hextab                                0x08006618   Data          20  _printf_hex_int.o(.constdata)
    lc_hextab                                0x0800662c   Data          20  _printf_hex_int.o(.constdata)
    .data                                    0x20000000   Section       16  main.o(.data)
    .data                                    0x20000010   Section       20  system_stm32f10x.o(.data)
    .data                                    0x20000024   Section        4  delay.o(.data)
    fac_us                                   0x20000024   Data           1  delay.o(.data)
    fac_ms                                   0x20000026   Data           2  delay.o(.data)
    .data                                    0x20000028   Section        6  usart.o(.data)
    .data                                    0x2000002e   Section       20  stm32f10x_rcc.o(.data)
    APBAHBPrescTable                         0x2000002e   Data          16  stm32f10x_rcc.o(.data)
    ADCPrescTable                            0x2000003e   Data           4  stm32f10x_rcc.o(.data)
    .bss                                     0x20000044   Section       14  lcd.o(.bss)
    .bss                                     0x20000052   Section      200  usart.o(.bss)
    .bss                                     0x2000011c   Section       96  libspace.o(.bss)
    HEAP                                     0x20000180   Section      512  startup_stm32f10x_hd.o(HEAP)
    Heap_Mem                                 0x20000180   Data         512  startup_stm32f10x_hd.o(HEAP)
    STACK                                    0x20000380   Section     1024  startup_stm32f10x_hd.o(STACK)
    Stack_Mem                                0x20000380   Data        1024  startup_stm32f10x_hd.o(STACK)
    __initial_sp                             0x20000780   Data           0  startup_stm32f10x_hd.o(STACK)

    Global Symbols

    Symbol Name                              Value     Ov Type        Size  Object(Section)

    BuildAttributes$$THM_ISAv4$P$D$K$B$S$PE$A:L22UL41UL21$X:L11$S22US41US21$IEEE1$IW$USESV6$~STKCKD$USESV7$~SHL$OTIME$ROPI$IEEEJ$EBA8$UX$STANDARDLIB$REQ8$PRES8$EABIv2 0x00000000   Number         0  anon$$obj.o ABSOLUTE
    __ARM_use_no_argv                        0x00000000   Number         0  main.o ABSOLUTE
    __ARM_exceptions_init                     - Undefined Weak Reference
    __alloca_initialize                       - Undefined Weak Reference
    __arm_preinit_                            - Undefined Weak Reference
    __cpp_initialize__aeabi_                  - Undefined Weak Reference
    __cxa_finalize                            - Undefined Weak Reference
    __rt_locale                               - Undefined Weak Reference
    __sigvec_lookup                           - Undefined Weak Reference
    _atexit_init                              - Undefined Weak Reference
    _call_atexit_fns                          - Undefined Weak Reference
    _clock_init                               - Undefined Weak Reference
    _fp_trap_init                             - Undefined Weak Reference
    _fp_trap_shutdown                         - Undefined Weak Reference
    _get_lc_collate                           - Undefined Weak Reference
    _get_lc_ctype                             - Undefined Weak Reference
    _get_lc_monetary                          - Undefined Weak Reference
    _get_lc_numeric                           - Undefined Weak Reference
    _get_lc_time                              - Undefined Weak Reference
    _getenv_init                              - Undefined Weak Reference
    _handle_redirection                       - Undefined Weak Reference
    _init_alloc                               - Undefined Weak Reference
    _init_user_alloc                          - Undefined Weak Reference
    _initio                                   - Undefined Weak Reference
    _mutex_acquire                            - Undefined Weak Reference
    _mutex_release                            - Undefined Weak Reference
    _printf_mbtowc                            - Undefined Weak Reference
    _printf_post_padding                      - Undefined Weak Reference
    _printf_pre_padding                       - Undefined Weak Reference
    _printf_truncate_signed                   - Undefined Weak Reference
    _printf_truncate_unsigned                 - Undefined Weak Reference
    _rand_init                                - Undefined Weak Reference
    _signal_finish                            - Undefined Weak Reference
    _signal_init                              - Undefined Weak Reference
    _terminate_alloc                          - Undefined Weak Reference
    _terminate_user_alloc                     - Undefined Weak Reference
    _terminateio                              - Undefined Weak Reference
    __Vectors_Size                           0x00000130   Number         0  startup_stm32f10x_hd.o ABSOLUTE
    __Vectors                                0x08000000   Data           4  startup_stm32f10x_hd.o(RESET)
    __Vectors_End                            0x08000130   Data           0  startup_stm32f10x_hd.o(RESET)
    __main                                   0x08000131   Thumb Code     8  __main.o(!!!main)
    __scatterload                            0x08000139   Thumb Code     0  __scatter.o(!!!scatter)
    __scatterload_rt2                        0x08000139   Thumb Code    44  __scatter.o(!!!scatter)
    __scatterload_rt2_thumb_only             0x08000139   Thumb Code     0  __scatter.o(!!!scatter)
    __scatterload_null                       0x08000147   Thumb Code     0  __scatter.o(!!!scatter)
    __scatterload_copy                       0x0800016d   Thumb Code    26  __scatter_copy.o(!!handler_copy)
    __scatterload_zeroinit                   0x08000189   Thumb Code    28  __scatter_zi.o(!!handler_zi)
    _printf_percent                          0x080001a5   Thumb Code     0  _printf_percent.o(.ARM.Collect$$_printf_percent$$00000000)
    _printf_x                                0x080001a5   Thumb Code     0  _printf_x.o(.ARM.Collect$$_printf_percent$$0000000C)
    _printf_percent_end                      0x080001ab   Thumb Code     0  _printf_percent_end.o(.ARM.Collect$$_printf_percent$$00000017)
    __rt_lib_init                            0x080001af   Thumb Code     0  libinit.o(.ARM.Collect$$libinit$$00000000)
    __rt_lib_init_alloca_1                   0x080001b1   Thumb Code     0  libinit2.o(.ARM.Collect$$libinit$$0000002E)
    __rt_lib_init_argv_1                     0x080001b1   Thumb Code     0  libinit2.o(.ARM.Collect$$libinit$$0000002C)
    __rt_lib_init_atexit_1                   0x080001b1   Thumb Code     0  libinit2.o(.ARM.Collect$$libinit$$0000001B)
    __rt_lib_init_clock_1                    0x080001b1   Thumb Code     0  libinit2.o(.ARM.Collect$$libinit$$00000021)
    __rt_lib_init_cpp_1                      0x080001b1   Thumb Code     0  libinit2.o(.ARM.Collect$$libinit$$00000032)
    __rt_lib_init_exceptions_1               0x080001b1   Thumb Code     0  libinit2.o(.ARM.Collect$$libinit$$00000030)
    __rt_lib_init_fp_1                       0x080001b1   Thumb Code     0  libinit2.o(.ARM.Collect$$libinit$$00000002)
    __rt_lib_init_fp_trap_1                  0x080001b1   Thumb Code     0  libinit2.o(.ARM.Collect$$libinit$$0000001F)
    __rt_lib_init_getenv_1                   0x080001b1   Thumb Code     0  libinit2.o(.ARM.Collect$$libinit$$00000023)
    __rt_lib_init_heap_1                     0x080001b1   Thumb Code     0  libinit2.o(.ARM.Collect$$libinit$$0000000A)
    __rt_lib_init_lc_collate_1               0x080001b1   Thumb Code     0  libinit2.o(.ARM.Collect$$libinit$$00000011)
    __rt_lib_init_lc_ctype_1                 0x080001b1   Thumb Code     0  libinit2.o(.ARM.Collect$$libinit$$00000013)
    __rt_lib_init_lc_monetary_1              0x080001b1   Thumb Code     0  libinit2.o(.ARM.Collect$$libinit$$00000015)
    __rt_lib_init_lc_numeric_1               0x080001b1   Thumb Code     0  libinit2.o(.ARM.Collect$$libinit$$00000017)
    __rt_lib_init_lc_time_1                  0x080001b1   Thumb Code     0  libinit2.o(.ARM.Collect$$libinit$$00000019)
    __rt_lib_init_preinit_1                  0x080001b1   Thumb Code     0  libinit2.o(.ARM.Collect$$libinit$$00000004)
    __rt_lib_init_rand_1                     0x080001b1   Thumb Code     0  libinit2.o(.ARM.Collect$$libinit$$0000000E)
    __rt_lib_init_return                     0x080001b1   Thumb Code     0  libinit2.o(.ARM.Collect$$libinit$$00000033)
    __rt_lib_init_signal_1                   0x080001b1   Thumb Code     0  libinit2.o(.ARM.Collect$$libinit$$0000001D)
    __rt_lib_init_stdio_1                    0x080001b1   Thumb Code     0  libinit2.o(.ARM.Collect$$libinit$$00000025)
    __rt_lib_init_user_alloc_1               0x080001b1   Thumb Code     0  libinit2.o(.ARM.Collect$$libinit$$0000000C)
    __rt_lib_shutdown                        0x080001b3   Thumb Code     0  libshutdown.o(.ARM.Collect$$libshutdown$$00000000)
    __rt_lib_shutdown_cpp_1                  0x080001b5   Thumb Code     0  libshutdown2.o(.ARM.Collect$$libshutdown$$00000002)
    __rt_lib_shutdown_fp_trap_1              0x080001b5   Thumb Code     0  libshutdown2.o(.ARM.Collect$$libshutdown$$00000007)
    __rt_lib_shutdown_heap_1                 0x080001b5   Thumb Code     0  libshutdown2.o(.ARM.Collect$$libshutdown$$0000000F)
    __rt_lib_shutdown_return                 0x080001b5   Thumb Code     0  libshutdown2.o(.ARM.Collect$$libshutdown$$00000010)
    __rt_lib_shutdown_signal_1               0x080001b5   Thumb Code     0  libshutdown2.o(.ARM.Collect$$libshutdown$$0000000A)
    __rt_lib_shutdown_stdio_1                0x080001b5   Thumb Code     0  libshutdown2.o(.ARM.Collect$$libshutdown$$00000004)
    __rt_lib_shutdown_user_alloc_1           0x080001b5   Thumb Code     0  libshutdown2.o(.ARM.Collect$$libshutdown$$0000000C)
    __rt_entry                               0x080001b7   Thumb Code     0  __rtentry.o(.ARM.Collect$$rtentry$$00000000)
    __rt_entry_presh_1                       0x080001b7   Thumb Code     0  __rtentry2.o(.ARM.Collect$$rtentry$$00000002)
    __rt_entry_sh                            0x080001b7   Thumb Code     0  __rtentry4.o(.ARM.Collect$$rtentry$$00000004)
    __rt_entry_li                            0x080001bd   Thumb Code     0  __rtentry2.o(.ARM.Collect$$rtentry$$0000000A)
    __rt_entry_postsh_1                      0x080001bd   Thumb Code     0  __rtentry2.o(.ARM.Collect$$rtentry$$00000009)
    __rt_entry_main                          0x080001c1   Thumb Code     0  __rtentry2.o(.ARM.Collect$$rtentry$$0000000D)
    __rt_entry_postli_1                      0x080001c1   Thumb Code     0  __rtentry2.o(.ARM.Collect$$rtentry$$0000000C)
    __rt_exit                                0x080001c9   Thumb Code     0  rtexit.o(.ARM.Collect$$rtexit$$00000000)
    __rt_exit_ls                             0x080001cb   Thumb Code     0  rtexit2.o(.ARM.Collect$$rtexit$$00000003)
    __rt_exit_prels_1                        0x080001cb   Thumb Code     0  rtexit2.o(.ARM.Collect$$rtexit$$00000002)
    __rt_exit_exit                           0x080001cf   Thumb Code     0  rtexit2.o(.ARM.Collect$$rtexit$$00000004)
    Reset_Handler                            0x080001d5   Thumb Code     8  startup_stm32f10x_hd.o(.text)
    ADC1_2_IRQHandler                        0x080001ef   Thumb Code     0  startup_stm32f10x_hd.o(.text)
    ADC3_IRQHandler                          0x080001ef   Thumb Code     0  startup_stm32f10x_hd.o(.text)
    CAN1_RX1_IRQHandler                      0x080001ef   Thumb Code     0  startup_stm32f10x_hd.o(.text)
    CAN1_SCE_IRQHandler                      0x080001ef   Thumb Code     0  startup_stm32f10x_hd.o(.text)
    DMA1_Channel1_IRQHandler                 0x080001ef   Thumb Code     0  startup_stm32f10x_hd.o(.text)
    DMA1_Channel2_IRQHandler                 0x080001ef   Thumb Code     0  startup_stm32f10x_hd.o(.text)
    DMA1_Channel3_IRQHandler                 0x080001ef   Thumb Code     0  startup_stm32f10x_hd.o(.text)
    DMA1_Channel4_IRQHandler                 0x080001ef   Thumb Code     0  startup_stm32f10x_hd.o(.text)
    DMA1_Channel5_IRQHandler                 0x080001ef   Thumb Code     0  startup_stm32f10x_hd.o(.text)
    DMA1_Channel6_IRQHandler                 0x080001ef   Thumb Code     0  startup_stm32f10x_hd.o(.text)
    DMA1_Channel7_IRQHandler                 0x080001ef   Thumb Code     0  startup_stm32f10x_hd.o(.text)
    DMA2_Channel1_IRQHandler                 0x080001ef   Thumb Code     0  startup_stm32f10x_hd.o(.text)
    DMA2_Channel2_IRQHandler                 0x080001ef   Thumb Code     0  startup_stm32f10x_hd.o(.text)
    DMA2_Channel3_IRQHandler                 0x080001ef   Thumb Code     0  startup_stm32f10x_hd.o(.text)
    DMA2_Channel4_5_IRQHandler               0x080001ef   Thumb Code     0  startup_stm32f10x_hd.o(.text)
    EXTI1_IRQHandler                         0x080001ef   Thumb Code     0  startup_stm32f10x_hd.o(.text)
    EXTI2_IRQHandler                         0x080001ef   Thumb Code     0  startup_stm32f10x_hd.o(.text)
    EXTI3_IRQHandler                         0x080001ef   Thumb Code     0  startup_stm32f10x_hd.o(.text)
    EXTI4_IRQHandler                         0x080001ef   Thumb Code     0  startup_stm32f10x_hd.o(.text)
    FLASH_IRQHandler                         0x080001ef   Thumb Code     0  startup_stm32f10x_hd.o(.text)
    FSMC_IRQHandler                          0x080001ef   Thumb Code     0  startup_stm32f10x_hd.o(.text)
    I2C1_ER_IRQHandler                       0x080001ef   Thumb Code     0  startup_stm32f10x_hd.o(.text)
    I2C1_EV_IRQHandler                       0x080001ef   Thumb Code     0  startup_stm32f10x_hd.o(.text)
    I2C2_ER_IRQHandler                       0x080001ef   Thumb Code     0  startup_stm32f10x_hd.o(.text)
    I2C2_EV_IRQHandler                       0x080001ef   Thumb Code     0  startup_stm32f10x_hd.o(.text)
    PVD_IRQHandler                           0x080001ef   Thumb Code     0  startup_stm32f10x_hd.o(.text)
    RCC_IRQHandler                           0x080001ef   Thumb Code     0  startup_stm32f10x_hd.o(.text)
    RTCAlarm_IRQHandler                      0x080001ef   Thumb Code     0  startup_stm32f10x_hd.o(.text)
    RTC_IRQHandler                           0x080001ef   Thumb Code     0  startup_stm32f10x_hd.o(.text)
    SDIO_IRQHandler                          0x080001ef   Thumb Code     0  startup_stm32f10x_hd.o(.text)
    SPI1_IRQHandler                          0x080001ef   Thumb Code     0  startup_stm32f10x_hd.o(.text)
    SPI2_IRQHandler                          0x080001ef   Thumb Code     0  startup_stm32f10x_hd.o(.text)
    SPI3_IRQHandler                          0x080001ef   Thumb Code     0  startup_stm32f10x_hd.o(.text)
    TAMPER_IRQHandler                        0x080001ef   Thumb Code     0  startup_stm32f10x_hd.o(.text)
    TIM1_BRK_IRQHandler                      0x080001ef   Thumb Code     0  startup_stm32f10x_hd.o(.text)
    TIM1_CC_IRQHandler                       0x080001ef   Thumb Code     0  startup_stm32f10x_hd.o(.text)
    TIM1_TRG_COM_IRQHandler                  0x080001ef   Thumb Code     0  startup_stm32f10x_hd.o(.text)
    TIM1_UP_IRQHandler                       0x080001ef   Thumb Code     0  startup_stm32f10x_hd.o(.text)
    TIM2_IRQHandler                          0x080001ef   Thumb Code     0  startup_stm32f10x_hd.o(.text)
    TIM4_IRQHandler                          0x080001ef   Thumb Code     0  startup_stm32f10x_hd.o(.text)
    TIM5_IRQHandler                          0x080001ef   Thumb Code     0  startup_stm32f10x_hd.o(.text)
    TIM6_IRQHandler                          0x080001ef   Thumb Code     0  startup_stm32f10x_hd.o(.text)
    TIM7_IRQHandler                          0x080001ef   Thumb Code     0  startup_stm32f10x_hd.o(.text)
    TIM8_BRK_IRQHandler                      0x080001ef   Thumb Code     0  startup_stm32f10x_hd.o(.text)
    TIM8_CC_IRQHandler                       0x080001ef   Thumb Code     0  startup_stm32f10x_hd.o(.text)
    TIM8_TRG_COM_IRQHandler                  0x080001ef   Thumb Code     0  startup_stm32f10x_hd.o(.text)
    TIM8_UP_IRQHandler                       0x080001ef   Thumb Code     0  startup_stm32f10x_hd.o(.text)
    UART4_IRQHandler                         0x080001ef   Thumb Code     0  startup_stm32f10x_hd.o(.text)
    UART5_IRQHandler                         0x080001ef   Thumb Code     0  startup_stm32f10x_hd.o(.text)
    USART2_IRQHandler                        0x080001ef   Thumb Code     0  startup_stm32f10x_hd.o(.text)
    USART3_IRQHandler                        0x080001ef   Thumb Code     0  startup_stm32f10x_hd.o(.text)
    USBWakeUp_IRQHandler                     0x080001ef   Thumb Code     0  startup_stm32f10x_hd.o(.text)
    USB_HP_CAN1_TX_IRQHandler                0x080001ef   Thumb Code     0  startup_stm32f10x_hd.o(.text)
    USB_LP_CAN1_RX0_IRQHandler               0x080001ef   Thumb Code     0  startup_stm32f10x_hd.o(.text)
    WWDG_IRQHandler                          0x080001ef   Thumb Code     0  startup_stm32f10x_hd.o(.text)
    __user_initial_stackheap                 0x080001f1   Thumb Code     0  startup_stm32f10x_hd.o(.text)
    __use_no_semihosting                     0x08000215   Thumb Code     2  use_no_semi_2.o(.text)
    __2printf                                0x08000219   Thumb Code    20  noretval__2printf.o(.text)
    __printf                                 0x08000231   Thumb Code   104  __printf.o(.text)
    _printf_int_hex                          0x08000299   Thumb Code    84  _printf_hex_int.o(.text)
    _printf_longlong_hex                     0x08000299   Thumb Code     0  _printf_hex_int.o(.text)
    __use_two_region_memory                  0x080002f1   Thumb Code     2  heapauxi.o(.text)
    __rt_heap_escrow$2region                 0x080002f3   Thumb Code     2  heapauxi.o(.text)
    __rt_heap_expand$2region                 0x080002f5   Thumb Code     2  heapauxi.o(.text)
    __I$use$semihosting                      0x080002f7   Thumb Code     0  use_no_semi.o(.text)
    __use_no_semihosting_swi                 0x080002f7   Thumb Code     2  use_no_semi.o(.text)
    _printf_int_common                       0x080002f9   Thumb Code   178  _printf_intcommon.o(.text)
    _printf_char_file                        0x080003ad   Thumb Code    32  _printf_char_file.o(.text)
    _printf_char_common                      0x080003db   Thumb Code    32  _printf_char_common.o(.text)
    ferror                                   0x08000401   Thumb Code     8  ferror.o(.text)
    __user_libspace                          0x08000409   Thumb Code     8  libspace.o(.text)
    __user_perproc_libspace                  0x08000409   Thumb Code     0  libspace.o(.text)
    __user_perthread_libspace                0x08000409   Thumb Code     0  libspace.o(.text)
    __user_setup_stackheap                   0x08000411   Thumb Code    74  sys_stackheap_outer.o(.text)
    exit                                     0x0800045b   Thumb Code    18  exit.o(.text)
    BusFault_Handler                         0x0800046d   Thumb Code     4  stm32f10x_it.o(i.BusFault_Handler)
    DebugMon_Handler                         0x08000471   Thumb Code     2  stm32f10x_it.o(i.DebugMon_Handler)
    Delay                                    0x08000473   Thumb Code    18  12864.o(i.Delay)
    EXTI0_IRQHandler                         0x08000485   Thumb Code    20  exti.o(i.EXTI0_IRQHandler)
    EXTI15_10_IRQHandler                     0x0800049d   Thumb Code    12  exti.o(i.EXTI15_10_IRQHandler)
    EXTI9_5_IRQHandler                       0x080004a9   Thumb Code    10  exti.o(i.EXTI9_5_IRQHandler)
    EXTIX_Init                               0x080004b3   Thumb Code   212  exti.o(i.EXTIX_Init)
    EXTI_ClearITPendingBit                   0x08000589   Thumb Code     6  stm32f10x_exti.o(i.EXTI_ClearITPendingBit)
    EXTI_Init                                0x08000595   Thumb Code   142  stm32f10x_exti.o(i.EXTI_Init)
    GPIO_EXTILineConfig                      0x08000629   Thumb Code    60  stm32f10x_gpio.o(i.GPIO_EXTILineConfig)
    GPIO_Init                                0x08000669   Thumb Code   278  stm32f10x_gpio.o(i.GPIO_Init)
    GPIO_PinRemapConfig                      0x08000781   Thumb Code   138  stm32f10x_gpio.o(i.GPIO_PinRemapConfig)
    GPIO_ReadOutputDataBit                   0x08000811   Thumb Code    18  stm32f10x_gpio.o(i.GPIO_ReadOutputDataBit)
    GPIO_ResetBits                           0x08000823   Thumb Code     4  stm32f10x_gpio.o(i.GPIO_ResetBits)
    GPIO_SetBits                             0x08000827   Thumb Code     4  stm32f10x_gpio.o(i.GPIO_SetBits)
    HardFault_Handler                        0x0800082b   Thumb Code     4  stm32f10x_it.o(i.HardFault_Handler)
    KEY_Init                                 0x08000831   Thumb Code   168  key.o(i.KEY_Init)
    LCD_Clear                                0x080008e5   Thumb Code   122  lcd.o(i.LCD_Clear)
    LCD_Display_Dir                          0x0800096d   Thumb Code   444  lcd.o(i.LCD_Display_Dir)
    LCD_Init                                 0x08000b2d   Thumb Code 15292  lcd.o(i.LCD_Init)
    LCD_RD_DATA                              0x080046e9   Thumb Code    98  lcd.o(i.LCD_RD_DATA)
    LCD_ReadReg                              0x08004759   Thumb Code    16  lcd.o(i.LCD_ReadReg)
    LCD_SSD_BackLightSet                     0x08004769   Thumb Code   198  lcd.o(i.LCD_SSD_BackLightSet)
    LCD_Scan_Dir                             0x0800483d   Thumb Code  1112  lcd.o(i.LCD_Scan_Dir)
    LCD_SetCursor                            0x08004c95   Thumb Code   944  lcd.o(i.LCD_SetCursor)
    LCD_WR_DATAX                             0x08005051   Thumb Code    28  lcd.o(i.LCD_WR_DATAX)
    LCD_WR_REG                               0x08005075   Thumb Code    28  lcd.o(i.LCD_WR_REG)
    LCD_WriteRAM_Prepare                     0x08005099   Thumb Code    12  lcd.o(i.LCD_WriteRAM_Prepare)
    LCD_WriteReg                             0x080050a9   Thumb Code    40  lcd.o(i.LCD_WriteReg)
    LED_Init                                 0x080050d9   Thumb Code    72  led.o(i.LED_Init)
    MemManage_Handler                        0x08005129   Thumb Code     4  stm32f10x_it.o(i.MemManage_Handler)
    NMI_Handler                              0x0800512d   Thumb Code     2  stm32f10x_it.o(i.NMI_Handler)
    NVIC_Init                                0x08005131   Thumb Code   100  misc.o(i.NVIC_Init)
    NVIC_PriorityGroupConfig                 0x080051a1   Thumb Code    10  misc.o(i.NVIC_PriorityGroupConfig)
    PEC_Calculation                          0x080051b5   Thumb Code   186  mxl90614.o(i.PEC_Calculation)
    PendSV_Handler                           0x0800526f   Thumb Code     2  stm32f10x_it.o(i.PendSV_Handler)
    RCC_APB1PeriphClockCmd                   0x08005271   Thumb Code    26  stm32f10x_rcc.o(i.RCC_APB1PeriphClockCmd)
    RCC_APB2PeriphClockCmd                   0x08005291   Thumb Code    26  stm32f10x_rcc.o(i.RCC_APB2PeriphClockCmd)
    RCC_GetClocksFreq                        0x080052b1   Thumb Code   192  stm32f10x_rcc.o(i.RCC_GetClocksFreq)
    SMBus_Delay                              0x08005385   Thumb Code    26  mxl90614.o(i.SMBus_Delay)
    SMBus_Init                               0x080053a1   Thumb Code    50  mxl90614.o(i.SMBus_Init)
    SMBus_ReadMemory                         0x080053d9   Thumb Code   170  mxl90614.o(i.SMBus_ReadMemory)
    SMBus_ReceiveBit                         0x08005485   Thumb Code    54  mxl90614.o(i.SMBus_ReceiveBit)
    SMBus_ReceiveByte                        0x080054c1   Thumb Code    50  mxl90614.o(i.SMBus_ReceiveByte)
    SMBus_SendBit                            0x080054f5   Thumb Code    56  mxl90614.o(i.SMBus_SendBit)
    SMBus_SendByte                           0x08005531   Thumb Code    48  mxl90614.o(i.SMBus_SendByte)
    SMBus_StartBit                           0x08005561   Thumb Code    56  mxl90614.o(i.SMBus_StartBit)
    SMBus_StopBit                            0x0800559d   Thumb Code    50  mxl90614.o(i.SMBus_StopBit)
    SVC_Handler                              0x080055d5   Thumb Code     2  stm32f10x_it.o(i.SVC_Handler)
    SysTick_CLKSourceConfig                  0x080056c1   Thumb Code    40  misc.o(i.SysTick_CLKSourceConfig)
    SysTick_Handler                          0x080056e9   Thumb Code     2  stm32f10x_it.o(i.SysTick_Handler)
    SystemInit                               0x080056ed   Thumb Code    78  system_stm32f10x.o(i.SystemInit)
    TIM3_IRQHandler                          0x0800574d   Thumb Code   130  timer.o(i.TIM3_IRQHandler)
    TIM3_Int_Init                            0x080057e9   Thumb Code    90  timer.o(i.TIM3_Int_Init)
    TIM_ClearITPendingBit                    0x08005849   Thumb Code     6  stm32f10x_tim.o(i.TIM_ClearITPendingBit)
    TIM_Cmd                                  0x0800584f   Thumb Code    24  stm32f10x_tim.o(i.TIM_Cmd)
    TIM_GetITStatus                          0x08005867   Thumb Code    34  stm32f10x_tim.o(i.TIM_GetITStatus)
    TIM_ITConfig                             0x08005889   Thumb Code    18  stm32f10x_tim.o(i.TIM_ITConfig)
    TIM_TimeBaseInit                         0x0800589d   Thumb Code   122  stm32f10x_tim.o(i.TIM_TimeBaseInit)
    USART1_IRQHandler                        0x08005941   Thumb Code   122  usart.o(i.USART1_IRQHandler)
    USART_Cmd                                0x080059c9   Thumb Code    24  stm32f10x_usart.o(i.USART_Cmd)
    USART_GetITStatus                        0x080059e1   Thumb Code    84  stm32f10x_usart.o(i.USART_GetITStatus)
    USART_ITConfig                           0x08005a35   Thumb Code    74  stm32f10x_usart.o(i.USART_ITConfig)
    USART_Init                               0x08005a81   Thumb Code   210  stm32f10x_usart.o(i.USART_Init)
    USART_ReceiveData                        0x08005b59   Thumb Code    10  stm32f10x_usart.o(i.USART_ReceiveData)
    UsageFault_Handler                       0x08005b63   Thumb Code     4  stm32f10x_it.o(i.UsageFault_Handler)
    _sys_exit                                0x08005b67   Thumb Code     6  usart.o(i._sys_exit)
    check_busy                               0x08005b6d   Thumb Code    24  12864.o(i.check_busy)
    delay_init                               0x08005b85   Thumb Code    50  delay.o(i.delay_init)
    delay_ms                                 0x08005bc9   Thumb Code    72  delay.o(i.delay_ms)
    delay_us                                 0x08005c15   Thumb Code    72  delay.o(i.delay_us)
    display                                  0x08005c61   Thumb Code   198  mxl90614.o(i.display)
    fputc                                    0x08005d31   Thumb Code    24  usart.o(i.fputc)
    get_byte                                 0x08005d4d   Thumb Code   152  12864.o(i.get_byte)
    lcd_init                                 0x08005ded   Thumb Code    42  12864.o(i.lcd_init)
    lcd_pos                                  0x08005e17   Thumb Code    70  12864.o(i.lcd_pos)
    lcd_wstr                                 0x08005e5d   Thumb Code    42  12864.o(i.lcd_wstr)
    main                                     0x08005e89   Thumb Code   204  main.o(i.main)
    number                                   0x08005f61   Thumb Code   148  mxl90614.o(i.number)
    pcb_GPIO_Init                            0x0800601d   Thumb Code    84  pcb_config.o(i.pcb_GPIO_Init)
    pcb_Init                                 0x08006079   Thumb Code    38  pcb_config.o(i.pcb_Init)
    pcb_RCC_Config                           0x080060a9   Thumb Code    20  pcb_config.o(i.pcb_RCC_Config)
    send_cmd                                 0x080060bd   Thumb Code    32  12864.o(i.send_cmd)
    send_dat                                 0x080060dd   Thumb Code    74  12864.o(i.send_dat)
    slave_num                                0x0800612d   Thumb Code   136  mxl90614.o(i.slave_num)
    uart_init                                0x08006225   Thumb Code   152  usart.o(i.uart_init)
    write_char                               0x080062c5   Thumb Code    32  12864.o(i.write_char)
    write_figer                              0x080062e5   Thumb Code   184  12864.o(i.write_figer)
    __aeabi_d2uiz                            0x0800639d   Thumb Code     0  dfixu.o(x$fpl$dfixu)
    _dfixu                                   0x0800639d   Thumb Code    90  dfixu.o(x$fpl$dfixu)
    __aeabi_ui2d                             0x080063f7   Thumb Code     0  dflt_clz.o(x$fpl$dfltu)
    _dfltu                                   0x080063f7   Thumb Code    38  dflt_clz.o(x$fpl$dfltu)
    __aeabi_dmul                             0x0800641d   Thumb Code     0  dmul.o(x$fpl$dmul)
    _dmul                                    0x0800641d   Thumb Code   332  dmul.o(x$fpl$dmul)
    __fpl_dnaninf                            0x08006571   Thumb Code   156  dnaninf.o(x$fpl$dnaninf)
    __fpl_dretinf                            0x0800660d   Thumb Code    12  dretinf.o(x$fpl$dretinf)
    __I$use$fp                               0x08006618   Number         0  usenofp.o(x$fpl$usenofp)
    Region$$Table$$Base                      0x08006640   Number         0  anon$$obj.o(Region$$Table)
    Region$$Table$$Limit                     0x08006660   Number         0  anon$$obj.o(Region$$Table)
    counter                                  0x20000000   Data           4  main.o(.data)
    speed                                    0x20000004   Data           4  main.o(.data)
    PWM                                      0x20000008   Data           4  main.o(.data)
    FLAG                                     0x2000000c   Data           4  main.o(.data)
    SystemCoreClock                          0x20000010   Data           4  system_stm32f10x.o(.data)
    AHBPrescTable                            0x20000014   Data          16  system_stm32f10x.o(.data)
    __stdout                                 0x20000028   Data           4  usart.o(.data)
    USART_RX_STA                             0x2000002c   Data           2  usart.o(.data)
    lcddev                                   0x20000044   Data          14  lcd.o(.bss)
    USART_RX_BUF                             0x20000052   Data         200  usart.o(.bss)
    __libspace_start                         0x2000011c   Data          96  libspace.o(.bss)
    __temporary_stack_top$libspace           0x2000017c   Data           0  libspace.o(.bss)



==============================================================================

Memory Map of the image

  Image Entry point : 0x08000131

  Load Region LR_IROM1 (Base: 0x08000000, Size: 0x000066a4, Max: 0x00040000, ABSOLUTE)

    Execution Region ER_IROM1 (Exec base: 0x08000000, Load base: 0x08000000, Size: 0x00006660, Max: 0x00040000, ABSOLUTE)

    Exec Addr    Load Addr    Size         Type   Attr      Idx    E Section Name        Object

    0x08000000   0x08000000   0x00000130   Data   RO         1221    RESET               startup_stm32f10x_hd.o
    0x08000130   0x08000130   0x00000008   Code   RO         2421  * !!!main             c_w.l(__main.o)
    0x08000138   0x08000138   0x00000034   Code   RO         2671    !!!scatter          c_w.l(__scatter.o)
    0x0800016c   0x0800016c   0x0000001a   Code   RO         2673    !!handler_copy      c_w.l(__scatter_copy.o)
    0x08000186   0x08000186   0x00000002   PAD
    0x08000188   0x08000188   0x0000001c   Code   RO         2675    !!handler_zi        c_w.l(__scatter_zi.o)
    0x080001a4   0x080001a4   0x00000000   Code   RO         2416    .ARM.Collect$$_printf_percent$$00000000  c_w.l(_printf_percent.o)
    0x080001a4   0x080001a4   0x00000006   Code   RO         2414    .ARM.Collect$$_printf_percent$$0000000C  c_w.l(_printf_x.o)
    0x080001aa   0x080001aa   0x00000004   Code   RO         2494    .ARM.Collect$$_printf_percent$$00000017  c_w.l(_printf_percent_end.o)
    0x080001ae   0x080001ae   0x00000002   Code   RO         2548    .ARM.Collect$$libinit$$00000000  c_w.l(libinit.o)
    0x080001b0   0x080001b0   0x00000000   Code   RO         2552    .ARM.Collect$$libinit$$00000002  c_w.l(libinit2.o)
    0x080001b0   0x080001b0   0x00000000   Code   RO         2554    .ARM.Collect$$libinit$$00000004  c_w.l(libinit2.o)
    0x080001b0   0x080001b0   0x00000000   Code   RO         2557    .ARM.Collect$$libinit$$0000000A  c_w.l(libinit2.o)
    0x080001b0   0x080001b0   0x00000000   Code   RO         2559    .ARM.Collect$$libinit$$0000000C  c_w.l(libinit2.o)
    0x080001b0   0x080001b0   0x00000000   Code   RO         2561    .ARM.Collect$$libinit$$0000000E  c_w.l(libinit2.o)
    0x080001b0   0x080001b0   0x00000000   Code   RO         2564    .ARM.Collect$$libinit$$00000011  c_w.l(libinit2.o)
    0x080001b0   0x080001b0   0x00000000   Code   RO         2566    .ARM.Collect$$libinit$$00000013  c_w.l(libinit2.o)
    0x080001b0   0x080001b0   0x00000000   Code   RO         2568    .ARM.Collect$$libinit$$00000015  c_w.l(libinit2.o)
    0x080001b0   0x080001b0   0x00000000   Code   RO         2570    .ARM.Collect$$libinit$$00000017  c_w.l(libinit2.o)
    0x080001b0   0x080001b0   0x00000000   Code   RO         2572    .ARM.Collect$$libinit$$00000019  c_w.l(libinit2.o)
    0x080001b0   0x080001b0   0x00000000   Code   RO         2574    .ARM.Collect$$libinit$$0000001B  c_w.l(libinit2.o)
    0x080001b0   0x080001b0   0x00000000   Code   RO         2576    .ARM.Collect$$libinit$$0000001D  c_w.l(libinit2.o)
    0x080001b0   0x080001b0   0x00000000   Code   RO         2578    .ARM.Collect$$libinit$$0000001F  c_w.l(libinit2.o)
    0x080001b0   0x080001b0   0x00000000   Code   RO         2580    .ARM.Collect$$libinit$$00000021  c_w.l(libinit2.o)
    0x080001b0   0x080001b0   0x00000000   Code   RO         2582    .ARM.Collect$$libinit$$00000023  c_w.l(libinit2.o)
    0x080001b0   0x080001b0   0x00000000   Code   RO         2584    .ARM.Collect$$libinit$$00000025  c_w.l(libinit2.o)
    0x080001b0   0x080001b0   0x00000000   Code   RO         2588    .ARM.Collect$$libinit$$0000002C  c_w.l(libinit2.o)
    0x080001b0   0x080001b0   0x00000000   Code   RO         2590    .ARM.Collect$$libinit$$0000002E  c_w.l(libinit2.o)
    0x080001b0   0x080001b0   0x00000000   Code   RO         2592    .ARM.Collect$$libinit$$00000030  c_w.l(libinit2.o)
    0x080001b0   0x080001b0   0x00000000   Code   RO         2594    .ARM.Collect$$libinit$$00000032  c_w.l(libinit2.o)
    0x080001b0   0x080001b0   0x00000002   Code   RO         2595    .ARM.Collect$$libinit$$00000033  c_w.l(libinit2.o)
    0x080001b2   0x080001b2   0x00000002   Code   RO         2613    .ARM.Collect$$libshutdown$$00000000  c_w.l(libshutdown.o)
    0x080001b4   0x080001b4   0x00000000   Code   RO         2623    .ARM.Collect$$libshutdown$$00000002  c_w.l(libshutdown2.o)
    0x080001b4   0x080001b4   0x00000000   Code   RO         2625    .ARM.Collect$$libshutdown$$00000004  c_w.l(libshutdown2.o)
    0x080001b4   0x080001b4   0x00000000   Code   RO         2628    .ARM.Collect$$libshutdown$$00000007  c_w.l(libshutdown2.o)
    0x080001b4   0x080001b4   0x00000000   Code   RO         2631    .ARM.Collect$$libshutdown$$0000000A  c_w.l(libshutdown2.o)
    0x080001b4   0x080001b4   0x00000000   Code   RO         2633    .ARM.Collect$$libshutdown$$0000000C  c_w.l(libshutdown2.o)
    0x080001b4   0x080001b4   0x00000000   Code   RO         2636    .ARM.Collect$$libshutdown$$0000000F  c_w.l(libshutdown2.o)
    0x080001b4   0x080001b4   0x00000002   Code   RO         2637    .ARM.Collect$$libshutdown$$00000010  c_w.l(libshutdown2.o)
    0x080001b6   0x080001b6   0x00000000   Code   RO         2485    .ARM.Collect$$rtentry$$00000000  c_w.l(__rtentry.o)
    0x080001b6   0x080001b6   0x00000000   Code   RO         2509    .ARM.Collect$$rtentry$$00000002  c_w.l(__rtentry2.o)
    0x080001b6   0x080001b6   0x00000006   Code   RO         2521    .ARM.Collect$$rtentry$$00000004  c_w.l(__rtentry4.o)
    0x080001bc   0x080001bc   0x00000000   Code   RO         2511    .ARM.Collect$$rtentry$$00000009  c_w.l(__rtentry2.o)
    0x080001bc   0x080001bc   0x00000004   Code   RO         2512    .ARM.Collect$$rtentry$$0000000A  c_w.l(__rtentry2.o)
    0x080001c0   0x080001c0   0x00000000   Code   RO         2514    .ARM.Collect$$rtentry$$0000000C  c_w.l(__rtentry2.o)
    0x080001c0   0x080001c0   0x00000008   Code   RO         2515    .ARM.Collect$$rtentry$$0000000D  c_w.l(__rtentry2.o)
    0x080001c8   0x080001c8   0x00000002   Code   RO         2549    .ARM.Collect$$rtexit$$00000000  c_w.l(rtexit.o)
    0x080001ca   0x080001ca   0x00000000   Code   RO         2597    .ARM.Collect$$rtexit$$00000002  c_w.l(rtexit2.o)
    0x080001ca   0x080001ca   0x00000004   Code   RO         2598    .ARM.Collect$$rtexit$$00000003  c_w.l(rtexit2.o)
    0x080001ce   0x080001ce   0x00000006   Code   RO         2599    .ARM.Collect$$rtexit$$00000004  c_w.l(rtexit2.o)
    0x080001d4   0x080001d4   0x00000040   Code   RO         1222    .text               startup_stm32f10x_hd.o
    0x08000214   0x08000214   0x00000002   Code   RO         2360    .text               c_w.l(use_no_semi_2.o)
    0x08000216   0x08000216   0x00000002   PAD
    0x08000218   0x08000218   0x00000018   Code   RO         2364    .text               c_w.l(noretval__2printf.o)
    0x08000230   0x08000230   0x00000068   Code   RO         2366    .text               c_w.l(__printf.o)
    0x08000298   0x08000298   0x00000058   Code   RO         2375    .text               c_w.l(_printf_hex_int.o)
    0x080002f0   0x080002f0   0x00000006   Code   RO         2419    .text               c_w.l(heapauxi.o)
    0x080002f6   0x080002f6   0x00000002   Code   RO         2483    .text               c_w.l(use_no_semi.o)
    0x080002f8   0x080002f8   0x000000b2   Code   RO         2488    .text               c_w.l(_printf_intcommon.o)
    0x080003aa   0x080003aa   0x00000002   PAD
    0x080003ac   0x080003ac   0x00000024   Code   RO         2492    .text               c_w.l(_printf_char_file.o)
    0x080003d0   0x080003d0   0x00000030   Code   RO         2528    .text               c_w.l(_printf_char_common.o)
    0x08000400   0x08000400   0x00000008   Code   RO         2530    .text               c_w.l(ferror.o)
    0x08000408   0x08000408   0x00000008   Code   RO         2534    .text               c_w.l(libspace.o)
    0x08000410   0x08000410   0x0000004a   Code   RO         2537    .text               c_w.l(sys_stackheap_outer.o)
    0x0800045a   0x0800045a   0x00000012   Code   RO         2541    .text               c_w.l(exit.o)
    0x0800046c   0x0800046c   0x00000004   Code   RO          108    i.BusFault_Handler  stm32f10x_it.o
    0x08000470   0x08000470   0x00000002   Code   RO          109    i.DebugMon_Handler  stm32f10x_it.o
    0x08000472   0x08000472   0x00000012   Code   RO          318    i.Delay             12864.o
    0x08000484   0x08000484   0x00000018   Code   RO          432    i.EXTI0_IRQHandler  exti.o
    0x0800049c   0x0800049c   0x0000000c   Code   RO          433    i.EXTI15_10_IRQHandler  exti.o
    0x080004a8   0x080004a8   0x0000000a   Code   RO          434    i.EXTI9_5_IRQHandler  exti.o
    0x080004b2   0x080004b2   0x000000d4   Code   RO          435    i.EXTIX_Init        exti.o
    0x08000586   0x08000586   0x00000002   PAD
    0x08000588   0x08000588   0x0000000c   Code   RO         1757    i.EXTI_ClearITPendingBit  stm32f10x_exti.o
    0x08000594   0x08000594   0x00000094   Code   RO         1762    i.EXTI_Init         stm32f10x_exti.o
    0x08000628   0x08000628   0x00000040   Code   RO         1229    i.GPIO_EXTILineConfig  stm32f10x_gpio.o
    0x08000668   0x08000668   0x00000116   Code   RO         1232    i.GPIO_Init         stm32f10x_gpio.o
    0x0800077e   0x0800077e   0x00000002   PAD
    0x08000780   0x08000780   0x00000090   Code   RO         1234    i.GPIO_PinRemapConfig  stm32f10x_gpio.o
    0x08000810   0x08000810   0x00000012   Code   RO         1238    i.GPIO_ReadOutputDataBit  stm32f10x_gpio.o
    0x08000822   0x08000822   0x00000004   Code   RO         1239    i.GPIO_ResetBits    stm32f10x_gpio.o
    0x08000826   0x08000826   0x00000004   Code   RO         1240    i.GPIO_SetBits      stm32f10x_gpio.o
    0x0800082a   0x0800082a   0x00000004   Code   RO          110    i.HardFault_Handler  stm32f10x_it.o
    0x0800082e   0x0800082e   0x00000002   PAD
    0x08000830   0x08000830   0x000000b4   Code   RO          688    i.KEY_Init          key.o
    0x080008e4   0x080008e4   0x00000088   Code   RO          479    i.LCD_Clear         lcd.o
    0x0800096c   0x0800096c   0x000001c0   Code   RO          483    i.LCD_Display_Dir   lcd.o
    0x08000b2c   0x08000b2c   0x00003bbc   Code   RO          490    i.LCD_Init          lcd.o
    0x080046e8   0x080046e8   0x00000070   Code   RO          492    i.LCD_RD_DATA       lcd.o
    0x08004758   0x08004758   0x00000010   Code   RO          494    i.LCD_ReadReg       lcd.o
    0x08004768   0x08004768   0x000000d4   Code   RO          495    i.LCD_SSD_BackLightSet  lcd.o
    0x0800483c   0x0800483c   0x00000458   Code   RO          496    i.LCD_Scan_Dir      lcd.o
    0x08004c94   0x08004c94   0x000003bc   Code   RO          497    i.LCD_SetCursor     lcd.o
    0x08005050   0x08005050   0x00000024   Code   RO          503    i.LCD_WR_DATAX      lcd.o
    0x08005074   0x08005074   0x00000024   Code   RO          504    i.LCD_WR_REG        lcd.o
    0x08005098   0x08005098   0x00000010   Code   RO          506    i.LCD_WriteRAM_Prepare  lcd.o
    0x080050a8   0x080050a8   0x00000030   Code   RO          507    i.LCD_WriteReg      lcd.o
    0x080050d8   0x080050d8   0x00000050   Code   RO          466    i.LED_Init          led.o
    0x08005128   0x08005128   0x00000004   Code   RO          111    i.MemManage_Handler  stm32f10x_it.o
    0x0800512c   0x0800512c   0x00000002   Code   RO          112    i.NMI_Handler       stm32f10x_it.o
    0x0800512e   0x0800512e   0x00000002   PAD
    0x08005130   0x08005130   0x00000070   Code   RO         1720    i.NVIC_Init         misc.o
    0x080051a0   0x080051a0   0x00000014   Code   RO         1721    i.NVIC_PriorityGroupConfig  misc.o
    0x080051b4   0x080051b4   0x000000ba   Code   RO          222    i.PEC_Calculation   mxl90614.o
    0x0800526e   0x0800526e   0x00000002   Code   RO          113    i.PendSV_Handler    stm32f10x_it.o
    0x08005270   0x08005270   0x00000020   Code   RO         1342    i.RCC_APB1PeriphClockCmd  stm32f10x_rcc.o
    0x08005290   0x08005290   0x00000020   Code   RO         1344    i.RCC_APB2PeriphClockCmd  stm32f10x_rcc.o
    0x080052b0   0x080052b0   0x000000d4   Code   RO         1352    i.RCC_GetClocksFreq  stm32f10x_rcc.o
    0x08005384   0x08005384   0x0000001a   Code   RO          223    i.SMBus_Delay       mxl90614.o
    0x0800539e   0x0800539e   0x00000002   PAD
    0x080053a0   0x080053a0   0x00000038   Code   RO          224    i.SMBus_Init        mxl90614.o
    0x080053d8   0x080053d8   0x000000aa   Code   RO          225    i.SMBus_ReadMemory  mxl90614.o
    0x08005482   0x08005482   0x00000002   PAD
    0x08005484   0x08005484   0x0000003c   Code   RO          227    i.SMBus_ReceiveBit  mxl90614.o
    0x080054c0   0x080054c0   0x00000032   Code   RO          228    i.SMBus_ReceiveByte  mxl90614.o
    0x080054f2   0x080054f2   0x00000002   PAD
    0x080054f4   0x080054f4   0x0000003c   Code   RO          229    i.SMBus_SendBit     mxl90614.o
    0x08005530   0x08005530   0x00000030   Code   RO          230    i.SMBus_SendByte    mxl90614.o
    0x08005560   0x08005560   0x0000003c   Code   RO          231    i.SMBus_StartBit    mxl90614.o
    0x0800559c   0x0800559c   0x00000038   Code   RO          232    i.SMBus_StopBit     mxl90614.o
    0x080055d4   0x080055d4   0x00000002   Code   RO          114    i.SVC_Handler       stm32f10x_it.o
    0x080055d6   0x080055d6   0x00000008   Code   RO          188    i.SetSysClock       system_stm32f10x.o
    0x080055de   0x080055de   0x00000002   PAD
    0x080055e0   0x080055e0   0x000000e0   Code   RO          189    i.SetSysClockTo72   system_stm32f10x.o
    0x080056c0   0x080056c0   0x00000028   Code   RO         1724    i.SysTick_CLKSourceConfig  misc.o
    0x080056e8   0x080056e8   0x00000002   Code   RO          115    i.SysTick_Handler   stm32f10x_it.o
    0x080056ea   0x080056ea   0x00000002   PAD
    0x080056ec   0x080056ec   0x00000060   Code   RO          191    i.SystemInit        system_stm32f10x.o
    0x0800574c   0x0800574c   0x0000009c   Code   RO         1091    i.TIM3_IRQHandler   timer.o
    0x080057e8   0x080057e8   0x00000060   Code   RO         1092    i.TIM3_Int_Init     timer.o
    0x08005848   0x08005848   0x00000006   Code   RO         1821    i.TIM_ClearITPendingBit  stm32f10x_tim.o
    0x0800584e   0x0800584e   0x00000018   Code   RO         1826    i.TIM_Cmd           stm32f10x_tim.o
    0x08005866   0x08005866   0x00000022   Code   RO         1847    i.TIM_GetITStatus   stm32f10x_tim.o
    0x08005888   0x08005888   0x00000012   Code   RO         1851    i.TIM_ITConfig      stm32f10x_tim.o
    0x0800589a   0x0800589a   0x00000002   PAD
    0x0800589c   0x0800589c   0x000000a4   Code   RO         1897    i.TIM_TimeBaseInit  stm32f10x_tim.o
    0x08005940   0x08005940   0x00000088   Code   RO         1168    i.USART1_IRQHandler  usart.o
    0x080059c8   0x080059c8   0x00000018   Code   RO         1544    i.USART_Cmd         stm32f10x_usart.o
    0x080059e0   0x080059e0   0x00000054   Code   RO         1548    i.USART_GetITStatus  stm32f10x_usart.o
    0x08005a34   0x08005a34   0x0000004a   Code   RO         1550    i.USART_ITConfig    stm32f10x_usart.o
    0x08005a7e   0x08005a7e   0x00000002   PAD
    0x08005a80   0x08005a80   0x000000d8   Code   RO         1551    i.USART_Init        stm32f10x_usart.o
    0x08005b58   0x08005b58   0x0000000a   Code   RO         1558    i.USART_ReceiveData  stm32f10x_usart.o
    0x08005b62   0x08005b62   0x00000004   Code   RO          116    i.UsageFault_Handler  stm32f10x_it.o
    0x08005b66   0x08005b66   0x00000006   Code   RO         1169    i._sys_exit         usart.o
    0x08005b6c   0x08005b6c   0x00000018   Code   RO          320    i.check_busy        12864.o
    0x08005b84   0x08005b84   0x00000044   Code   RO         1113    i.delay_init        delay.o
    0x08005bc8   0x08005bc8   0x0000004c   Code   RO         1114    i.delay_ms          delay.o
    0x08005c14   0x08005c14   0x0000004c   Code   RO         1115    i.delay_us          delay.o
    0x08005c60   0x08005c60   0x000000d0   Code   RO          233    i.display           mxl90614.o
    0x08005d30   0x08005d30   0x0000001c   Code   RO         1170    i.fputc             usart.o
    0x08005d4c   0x08005d4c   0x000000a0   Code   RO          321    i.get_byte          12864.o
    0x08005dec   0x08005dec   0x0000002a   Code   RO          324    i.lcd_init          12864.o
    0x08005e16   0x08005e16   0x00000046   Code   RO          325    i.lcd_pos           12864.o
    0x08005e5c   0x08005e5c   0x0000002a   Code   RO          326    i.lcd_wstr          12864.o
    0x08005e86   0x08005e86   0x00000002   PAD
    0x08005e88   0x08005e88   0x000000d8   Code   RO            1    i.main              main.o
    0x08005f60   0x08005f60   0x000000bc   Code   RO          234    i.number            mxl90614.o
    0x0800601c   0x0800601c   0x0000005c   Code   RO          405    i.pcb_GPIO_Init     pcb_config.o
    0x08006078   0x08006078   0x00000030   Code   RO          406    i.pcb_Init          pcb_config.o
    0x080060a8   0x080060a8   0x00000014   Code   RO          407    i.pcb_RCC_Config    pcb_config.o
    0x080060bc   0x080060bc   0x00000020   Code   RO          327    i.send_cmd          12864.o
    0x080060dc   0x080060dc   0x00000050   Code   RO          328    i.send_dat          12864.o
    0x0800612c   0x0800612c   0x000000f8   Code   RO          235    i.slave_num         mxl90614.o
    0x08006224   0x08006224   0x000000a0   Code   RO         1171    i.uart_init         usart.o
    0x080062c4   0x080062c4   0x00000020   Code   RO          329    i.write_char        12864.o
    0x080062e4   0x080062e4   0x000000b8   Code   RO          330    i.write_figer       12864.o
    0x0800639c   0x0800639c   0x0000005a   Code   RO         2431    x$fpl$dfixu         fz_ws.l(dfixu.o)
    0x080063f6   0x080063f6   0x00000026   Code   RO         2435    x$fpl$dfltu         fz_ws.l(dflt_clz.o)
    0x0800641c   0x0800641c   0x00000154   Code   RO         2443    x$fpl$dmul          fz_ws.l(dmul.o)
    0x08006570   0x08006570   0x0000009c   Code   RO         2497    x$fpl$dnaninf       fz_ws.l(dnaninf.o)
    0x0800660c   0x0800660c   0x0000000c   Code   RO         2499    x$fpl$dretinf       fz_ws.l(dretinf.o)
    0x08006618   0x08006618   0x00000000   Code   RO         2507    x$fpl$usenofp       fz_ws.l(usenofp.o)
    0x08006618   0x08006618   0x00000028   Data   RO         2376    .constdata          c_w.l(_printf_hex_int.o)
    0x08006640   0x08006640   0x00000020   Data   RO         2669    Region$$Table       anon$$obj.o


    Execution Region RW_IRAM1 (Exec base: 0x20000000, Load base: 0x08006660, Size: 0x00000780, Max: 0x0000c000, ABSOLUTE)

    Exec Addr    Load Addr    Size         Type   Attr      Idx    E Section Name        Object

    0x20000000   0x08006660   0x00000010   Data   RW            2    .data               main.o
    0x20000010   0x08006670   0x00000014   Data   RW          192    .data               system_stm32f10x.o
    0x20000024   0x08006684   0x00000004   Data   RW         1116    .data               delay.o
    0x20000028   0x08006688   0x00000006   Data   RW         1173    .data               usart.o
    0x2000002e   0x0800668e   0x00000014   Data   RW         1372    .data               stm32f10x_rcc.o
    0x20000042   0x080066a2   0x00000002   PAD
    0x20000044        -       0x0000000e   Zero   RW          509    .bss                lcd.o
    0x20000052        -       0x000000c8   Zero   RW         1172    .bss                usart.o
    0x2000011a   0x080066a2   0x00000002   PAD
    0x2000011c        -       0x00000060   Zero   RW         2535    .bss                c_w.l(libspace.o)
    0x2000017c   0x080066a2   0x00000004   PAD
    0x20000180        -       0x00000200   Zero   RW         1220    HEAP                startup_stm32f10x_hd.o
    0x20000380        -       0x00000400   Zero   RW         1219    STACK               startup_stm32f10x_hd.o


==============================================================================

Image component sizes


      Code (inc. data)   RO Data    RW Data    ZI Data      Debug   Object Name

       684         14          0          0          0       5409   12864.o
       220         26          0          4          0       1595   delay.o
       258          4          0          0          0       4072   exti.o
       180         12          0          0          0        535   key.o
     18420        202          0          0         14      18691   lcd.o
        80          8          0          0          0        467   led.o
       216         12          0         16          0     233180   main.o
       172         22          0          0          0       1929   misc.o
      1416        208          0          0          0       7700   mxl90614.o
       160         18          0          0          0       1304   pcb_config.o
        64         26        304          0       1536        772   startup_stm32f10x_hd.o
       160         12          0          0          0       1405   stm32f10x_exti.o
       512         10          0          0          0       4893   stm32f10x_gpio.o
        26          0          0          0          0       3414   stm32f10x_it.o
       276         32          0         20          0       4270   stm32f10x_rcc.o
       246         42          0          0          0       3358   stm32f10x_tim.o
       408          6          0          0          0       4810   stm32f10x_usart.o
         0          0          0          0          0         32   sys.o
       328         28          0         20          0       1925   system_stm32f10x.o
       252         32          0          0          0      21446   timer.o
       330         26          0          6        200       3956   usart.o

    ----------------------------------------------------------------------
     24432        740        336         68       1752     325163   Object Totals
         0          0         32          0          0          0   (incl. Generated)
        24          0          0          2          2          0   (incl. Padding)

    ----------------------------------------------------------------------

      Code (inc. data)   RO Data    RW Data    ZI Data      Debug   Library Member Name

         8          0          0          0          0         68   __main.o
       104          0          0          0          0         84   __printf.o
         0          0          0          0          0          0   __rtentry.o
        12          0          0          0          0          0   __rtentry2.o
         6          0          0          0          0          0   __rtentry4.o
        52          8          0          0          0          0   __scatter.o
        26          0          0          0          0          0   __scatter_copy.o
        28          0          0          0          0          0   __scatter_zi.o
        48          6          0          0          0         96   _printf_char_common.o
        36          4          0          0          0         80   _printf_char_file.o
        88          4         40          0          0         88   _printf_hex_int.o
       178          0          0          0          0         88   _printf_intcommon.o
         0          0          0          0          0          0   _printf_percent.o
         4          0          0          0          0          0   _printf_percent_end.o
         6          0          0          0          0          0   _printf_x.o
        18          0          0          0          0         80   exit.o
         8          0          0          0          0         68   ferror.o
         6          0          0          0          0        152   heapauxi.o
         2          0          0          0          0          0   libinit.o
         2          0          0          0          0          0   libinit2.o
         2          0          0          0          0          0   libshutdown.o
         2          0          0          0          0          0   libshutdown2.o
         8          4          0          0         96         68   libspace.o
        24          4          0          0          0         84   noretval__2printf.o
         2          0          0          0          0          0   rtexit.o
        10          0          0          0          0          0   rtexit2.o
        74          0          0          0          0         80   sys_stackheap_outer.o
         2          0          0          0          0         68   use_no_semi.o
         2          0          0          0          0         68   use_no_semi_2.o
        90          4          0          0          0         92   dfixu.o
        38          0          0          0          0         68   dflt_clz.o
       340         12          0          0          0        104   dmul.o
       156          4          0          0          0         92   dnaninf.o
        12          0          0          0          0         68   dretinf.o
         0          0          0          0          0          0   usenofp.o

    ----------------------------------------------------------------------
      1400         50         40          0        100       1596   Library Totals
         6          0          0          0          4          0   (incl. Padding)

    ----------------------------------------------------------------------

      Code (inc. data)   RO Data    RW Data    ZI Data      Debug   Library Name

       758         30         40          0         96       1172   c_w.l
       636         20          0          0          0        424   fz_ws.l

    ----------------------------------------------------------------------
      1400         50         40          0        100       1596   Library Totals

    ----------------------------------------------------------------------

==============================================================================


      Code (inc. data)   RO Data    RW Data    ZI Data      Debug   

     25832        790        376         68       1852     321555   Grand Totals
     25832        790        376         68       1852     321555   ELF Image Totals
     25832        790        376         68          0          0   ROM Totals

==============================================================================

    Total RO  Size (Code + RO Data)                26208 (  25.59kB)
    Total RW  Size (RW Data + ZI Data)              1920 (   1.88kB)
    Total ROM Size (Code + RO Data + RW Data)      26276 (  25.66kB)

==============================================================================

